  복원할 프로젝트를 확인하는 중...
C:\DATA\Project\mAIx\mAIx\mAIx.csproj : warning NU1510: PackageReference System.Drawing.Common은(는) 잘리지 않습니다. 이 패키지는 불필요할 수 있으므로 종속성에서 제거하는 것이 좋습니다.
C:\DATA\Project\mAIx\mAIx\mAIx.csproj : warning NU1902: 'MimeKit' 4.14.0 패키지에 알려진 보통 심각도 취약성인 https://github.com/advisories/GHSA-g7hc-96xr-gvvx이(가) 있습니다.
  복원할 모든 프로젝트가 최신 상태입니다.
C:\DATA\Project\mAIx\mAIx\mAIx.csproj : warning NU1510: PackageReference System.Drawing.Common은(는) 잘리지 않습니다. 이 패키지는 불필요할 수 있으므로 종속성에서 제거하는 것이 좋습니다.
C:\DATA\Project\mAIx\mAIx\mAIx.csproj : warning NU1902: 'MimeKit' 4.14.0 패키지에 알려진 보통 심각도 취약성인 https://github.com/advisories/GHSA-g7hc-96xr-gvvx이(가) 있습니다.
C:\DATA\Project\mAIx\mAIx\mAIx_xnegi4zx_wpftmp.csproj : warning NU1510: PackageReference System.Drawing.Common은(는) 잘리지 않습니다. 이 패키지는 불필요할 수 있으므로 종속성에서 제거하는 것이 좋습니다.
C:\DATA\Project\mAIx\mAIx\mAIx_xnegi4zx_wpftmp.csproj : warning NU1902: 'MimeKit' 4.14.0 패키지에 알려진 보통 심각도 취약성인 https://github.com/advisories/GHSA-g7hc-96xr-gvvx이(가) 있습니다.
C:\DATA\Project\mAIx\mAIx\Services\AI\AIProviderBase.cs(53,71): warning CS8625: Null 리터럴을 null을 허용하지 않는 참조 형식으로 변환할 수 없습니다. [C:\DATA\Project\mAIx\mAIx\mAIx_xnegi4zx_wpftmp.csproj]
C:\DATA\Project\mAIx\mAIx\Services\AI\AIProviderBase.cs(53,92): warning CS8625: Null 리터럴을 null을 허용하지 않는 참조 형식으로 변환할 수 없습니다. [C:\DATA\Project\mAIx\mAIx\mAIx_xnegi4zx_wpftmp.csproj]
C:\DATA\Project\mAIx\mAIx\Services\AI\AIService.cs(103,84): warning CS8625: Null 리터럴을 null을 허용하지 않는 참조 형식으로 변환할 수 없습니다. [C:\DATA\Project\mAIx\mAIx\mAIx_xnegi4zx_wpftmp.csproj]
C:\DATA\Project\mAIx\mAIx\Services\AI\AIService.cs(103,105): warning CS8625: Null 리터럴을 null을 허용하지 않는 참조 형식으로 변환할 수 없습니다. [C:\DATA\Project\mAIx\mAIx\mAIx_xnegi4zx_wpftmp.csproj]
C:\DATA\Project\mAIx\mAIx\Services\AI\IAIProvider.cs(51,56): warning CS8625: Null 리터럴을 null을 허용하지 않는 참조 형식으로 변환할 수 없습니다. [C:\DATA\Project\mAIx\mAIx\mAIx_xnegi4zx_wpftmp.csproj]
C:\DATA\Project\mAIx\mAIx\Services\AI\IAIProvider.cs(51,77): warning CS8625: Null 리터럴을 null을 허용하지 않는 참조 형식으로 변환할 수 없습니다. [C:\DATA\Project\mAIx\mAIx\mAIx_xnegi4zx_wpftmp.csproj]
C:\DATA\Project\mAIx\mAIx\Services\Graph\GraphMailService.cs(182,84): warning CS8625: Null 리터럴을 null을 허용하지 않는 참조 형식으로 변환할 수 없습니다. [C:\DATA\Project\mAIx\mAIx\mAIx_xnegi4zx_wpftmp.csproj]
C:\DATA\Project\mAIx\mAIx\App.xaml.cs(250,79): warning CS8625: Null 리터럴을 null을 허용하지 않는 참조 형식으로 변환할 수 없습니다. [C:\DATA\Project\mAIx\mAIx\mAIx_xnegi4zx_wpftmp.csproj]
C:\DATA\Project\mAIx\mAIx\App.xaml.cs(250,85): warning CS8604: 'bool AIService.ConfigureProvider(string name, string apiKey, string baseUrl = null, string model = null)'의 매개 변수 'model'에 대한 가능한 null 참조 인수입니다. [C:\DATA\Project\mAIx\mAIx\mAIx_xnegi4zx_wpftmp.csproj]
C:\DATA\Project\mAIx\mAIx\App.xaml.cs(256,79): warning CS8625: Null 리터럴을 null을 허용하지 않는 참조 형식으로 변환할 수 없습니다. [C:\DATA\Project\mAIx\mAIx\mAIx_xnegi4zx_wpftmp.csproj]
C:\DATA\Project\mAIx\mAIx\App.xaml.cs(256,85): warning CS8604: 'bool AIService.ConfigureProvider(string name, string apiKey, string baseUrl = null, string model = null)'의 매개 변수 'model'에 대한 가능한 null 참조 인수입니다. [C:\DATA\Project\mAIx\mAIx\mAIx_xnegi4zx_wpftmp.csproj]
C:\DATA\Project\mAIx\mAIx\App.xaml.cs(262,79): warning CS8625: Null 리터럴을 null을 허용하지 않는 참조 형식으로 변환할 수 없습니다. [C:\DATA\Project\mAIx\mAIx\mAIx_xnegi4zx_wpftmp.csproj]
C:\DATA\Project\mAIx\mAIx\App.xaml.cs(262,85): warning CS8604: 'bool AIService.ConfigureProvider(string name, string apiKey, string baseUrl = null, string model = null)'의 매개 변수 'model'에 대한 가능한 null 참조 인수입니다. [C:\DATA\Project\mAIx\mAIx\mAIx_xnegi4zx_wpftmp.csproj]
C:\DATA\Project\mAIx\mAIx\App.xaml.cs(268,84): warning CS8604: 'bool AIService.ConfigureProvider(string name, string apiKey, string baseUrl = null, string model = null)'의 매개 변수 'model'에 대한 가능한 null 참조 인수입니다. [C:\DATA\Project\mAIx\mAIx\mAIx_xnegi4zx_wpftmp.csproj]
C:\DATA\Project\mAIx\mAIx\App.xaml.cs(274,88): warning CS8604: 'bool AIService.ConfigureProvider(string name, string apiKey, string baseUrl = null, string model = null)'의 매개 변수 'model'에 대한 가능한 null 참조 인수입니다. [C:\DATA\Project\mAIx\mAIx\mAIx_xnegi4zx_wpftmp.csproj]
C:\DATA\Project\mAIx\mAIx\Services\Graph\TokenCacheHelper.cs(77,44): warning CS8600: null 리터럴 또는 가능한 null 값을 null을 허용하지 않는 형식으로 변환하는 중입니다. [C:\DATA\Project\mAIx\mAIx\mAIx_xnegi4zx_wpftmp.csproj]
C:\DATA\Project\mAIx\mAIx\Services\Graph\TokenCacheHelper.cs(80,55): warning CS8604: 'DirectoryInfo Directory.CreateDirectory(string path)'의 매개 변수 'path'에 대한 가능한 null 참조 인수입니다. [C:\DATA\Project\mAIx\mAIx\mAIx_xnegi4zx_wpftmp.csproj]
C:\DATA\Project\mAIx\mAIx\Services\AI\AIProviderBase.cs(43,19): warning CS8618: null을 허용하지 않는 필드 '_apiKey'은(는) 생성자를 종료할 때 null이 아닌 값을 포함해야 합니다. 'required' 한정자를 추가하거나 필드을(를) nullable로 선언하는 것이 좋습니다. [C:\DATA\Project\mAIx\mAIx\mAIx_xnegi4zx_wpftmp.csproj]
C:\DATA\Project\mAIx\mAIx\Services\AI\AIProviderBase.cs(43,19): warning CS8618: null을 허용하지 않는 필드 '_baseUrl'은(는) 생성자를 종료할 때 null이 아닌 값을 포함해야 합니다. 'required' 한정자를 추가하거나 필드을(를) nullable로 선언하는 것이 좋습니다. [C:\DATA\Project\mAIx\mAIx\mAIx_xnegi4zx_wpftmp.csproj]
C:\DATA\Project\mAIx\mAIx\Services\AI\AIProviderBase.cs(43,19): warning CS8618: null을 허용하지 않는 필드 '_model'은(는) 생성자를 종료할 때 null이 아닌 값을 포함해야 합니다. 'required' 한정자를 추가하거나 필드을(를) nullable로 선언하는 것이 좋습니다. [C:\DATA\Project\mAIx\mAIx\mAIx_xnegi4zx_wpftmp.csproj]
C:\DATA\Project\mAIx\mAIx\Services\Converter\OpenXmlPptConverter.cs(172,30): warning CS8602: null 가능 참조에 대한 역참조입니다. [C:\DATA\Project\mAIx\mAIx\mAIx_xnegi4zx_wpftmp.csproj]
C:\DATA\Project\mAIx\mAIx\Services\Converter\OpenXmlPptConverter.cs(253,29): warning CS8602: null 가능 참조에 대한 역참조입니다. [C:\DATA\Project\mAIx\mAIx\mAIx_xnegi4zx_wpftmp.csproj]
C:\DATA\Project\mAIx\mAIx\Services\Storage\AppSettingsManager.cs(231,77): warning CS8604: 'string AppSettingsManager.DecryptApiKey(string encryptedText)'의 매개 변수 'encryptedText'에 대한 가능한 null 참조 인수입니다. [C:\DATA\Project\mAIx\mAIx\mAIx_xnegi4zx_wpftmp.csproj]
C:\DATA\Project\mAIx\mAIx\Services\Storage\AppSettingsManager.cs(232,77): warning CS8604: 'string AppSettingsManager.DecryptApiKey(string encryptedText)'의 매개 변수 'encryptedText'에 대한 가능한 null 참조 인수입니다. [C:\DATA\Project\mAIx\mAIx\mAIx_xnegi4zx_wpftmp.csproj]
C:\DATA\Project\mAIx\mAIx\Services\Storage\AppSettingsManager.cs(233,77): warning CS8604: 'string AppSettingsManager.DecryptApiKey(string encryptedText)'의 매개 변수 'encryptedText'에 대한 가능한 null 참조 인수입니다. [C:\DATA\Project\mAIx\mAIx\mAIx_xnegi4zx_wpftmp.csproj]
C:\DATA\Project\mAIx\mAIx\Services\Storage\AppSettingsManager.cs(234,77): warning CS8604: 'string AppSettingsManager.DecryptApiKey(string encryptedText)'의 매개 변수 'encryptedText'에 대한 가능한 null 참조 인수입니다. [C:\DATA\Project\mAIx\mAIx\mAIx_xnegi4zx_wpftmp.csproj]
C:\DATA\Project\mAIx\mAIx\Services\Storage\AppSettingsManager.cs(235,81): warning CS8604: 'string AppSettingsManager.DecryptApiKey(string encryptedText)'의 매개 변수 'encryptedText'에 대한 가능한 null 참조 인수입니다. [C:\DATA\Project\mAIx\mAIx\mAIx_xnegi4zx_wpftmp.csproj]
C:\DATA\Project\mAIx\mAIx\Services\Storage\AppSettingsManager.cs(236,79): warning CS8604: 'string AppSettingsManager.DecryptApiKey(string encryptedText)'의 매개 변수 'encryptedText'에 대한 가능한 null 참조 인수입니다. [C:\DATA\Project\mAIx\mAIx\mAIx_xnegi4zx_wpftmp.csproj]
C:\DATA\Project\mAIx\mAIx\Services\Storage\AppSettingsManager.cs(258,36): warning CS8603: 가능한 null 참조 반환입니다. [C:\DATA\Project\mAIx\mAIx\mAIx_xnegi4zx_wpftmp.csproj]
C:\DATA\Project\mAIx\mAIx\Services\Storage\AppSettingsManager.cs(261,36): warning CS8604: 'string AppSettingsManager.EncryptApiKey(string plainText)'의 매개 변수 'plainText'에 대한 가능한 null 참조 인수입니다. [C:\DATA\Project\mAIx\mAIx\mAIx_xnegi4zx_wpftmp.csproj]
C:\DATA\Project\mAIx\mAIx\Services\Storage\AppSettingsManager.cs(269,36): warning CS8603: 가능한 null 참조 반환입니다. [C:\DATA\Project\mAIx\mAIx\mAIx_xnegi4zx_wpftmp.csproj]
C:\DATA\Project\mAIx\mAIx\Services\Storage\AppSettingsManager.cs(272,36): warning CS8604: 'string AppSettingsManager.EncryptApiKey(string plainText)'의 매개 변수 'plainText'에 대한 가능한 null 참조 인수입니다. [C:\DATA\Project\mAIx\mAIx\mAIx_xnegi4zx_wpftmp.csproj]
C:\DATA\Project\mAIx\mAIx\Services\AI\AIService.cs(22,16): warning CS8618: null을 허용하지 않는 필드 '_currentProvider'은(는) 생성자를 종료할 때 null이 아닌 값을 포함해야 합니다. 'required' 한정자를 추가하거나 필드을(를) nullable로 선언하는 것이 좋습니다. [C:\DATA\Project\mAIx\mAIx\mAIx_xnegi4zx_wpftmp.csproj]
C:\DATA\Project\mAIx\mAIx\Services\Graph\GraphActivityService.cs(123,34): warning CS0618: 'RecentRequestBuilder.GetAsync(Action<RequestConfiguration<RecentRequestBuilder.RecentRequestBuilderGetQueryParameters>>?, CancellationToken)'은(는) 사용되지 않습니다. 'This method is obsolete. Use GetAsRecentGetResponseAsync instead.' [C:\DATA\Project\mAIx\mAIx\mAIx_xnegi4zx_wpftmp.csproj]
C:\DATA\Project\mAIx\mAIx\Services\AI\AIService.cs(139,20): warning CS8603: 가능한 null 참조 반환입니다. [C:\DATA\Project\mAIx\mAIx\mAIx_xnegi4zx_wpftmp.csproj]
C:\DATA\Project\mAIx\mAIx\Services\Graph\GraphOneDriveService.cs(454,34): warning CS0618: 'SearchWithQRequestBuilder.GetAsync(Action<RequestConfiguration<SearchWithQRequestBuilder.SearchWithQRequestBuilderGetQueryParameters>>?, CancellationToken)'은(는) 사용되지 않습니다. 'This method is obsolete. Use GetAsSearchWithQGetResponseAsync instead.' [C:\DATA\Project\mAIx\mAIx\mAIx_xnegi4zx_wpftmp.csproj]
C:\DATA\Project\mAIx\mAIx\ViewModels\OneDriveViewModel.cs(660,29): warning CS8604: 'IEnumerable<DriveItem> Enumerable.Where<DriveItem>(IEnumerable<DriveItem> source, Func<DriveItem, bool> predicate)'의 매개 변수 'source'에 대한 가능한 null 참조 인수입니다. [C:\DATA\Project\mAIx\mAIx\mAIx_xnegi4zx_wpftmp.csproj]
C:\DATA\Project\mAIx\mAIx\Services\Graph\GraphOneDriveService.cs(505,34): warning CS0618: 'RecentRequestBuilder.GetAsRecentGetResponseAsync(Action<RequestConfiguration<RecentRequestBuilder.RecentRequestBuilderGetQueryParameters>>?, CancellationToken)'은(는) 사용되지 않습니다. 'This API is deprecated and will stop returning data after November, 2027. as of 2025-11/Removal on 2025-11-13 and will be removed 2027-11-01' [C:\DATA\Project\mAIx\mAIx\mAIx_xnegi4zx_wpftmp.csproj]
C:\DATA\Project\mAIx\mAIx\Services\Graph\GraphOneDriveService.cs(539,34): warning CS0618: 'SharedWithMeRequestBuilder.GetAsSharedWithMeGetResponseAsync(Action<RequestConfiguration<SharedWithMeRequestBuilder.SharedWithMeRequestBuilderGetQueryParameters>>?, CancellationToken)'은(는) 사용되지 않습니다. 'This API is deprecated and will stop returning data after November, 2027. as of 2025-11/Removal on 2025-11-13 and will be removed 2027-11-01' [C:\DATA\Project\mAIx\mAIx\mAIx_xnegi4zx_wpftmp.csproj]
C:\DATA\Project\mAIx\mAIx\Services\Graph\GraphMailService.cs(539,20): warning CS8603: 가능한 null 참조 반환입니다. [C:\DATA\Project\mAIx\mAIx\mAIx_xnegi4zx_wpftmp.csproj]
C:\DATA\Project\mAIx\mAIx\Services\Graph\GraphMailService.cs(784,20): warning CS8603: 가능한 null 참조 반환입니다. [C:\DATA\Project\mAIx\mAIx\mAIx_xnegi4zx_wpftmp.csproj]
C:\DATA\Project\mAIx\mAIx\ViewModels\MainViewModel.cs(1636,66): warning CS8604: 'Task<Message> GraphMailService.MoveMessageAsync(string messageId, string destinationFolderId)'의 매개 변수 'messageId'에 대한 가능한 null 참조 인수입니다. [C:\DATA\Project\mAIx\mAIx\mAIx_xnegi4zx_wpftmp.csproj]
C:\DATA\Project\mAIx\mAIx\ViewModels\MainViewModel.cs(1638,68): warning CS8604: 'Task GraphMailService.DeleteMessageAsync(string messageId)'의 매개 변수 'messageId'에 대한 가능한 null 참조 인수입니다. [C:\DATA\Project\mAIx\mAIx\mAIx_xnegi4zx_wpftmp.csproj]
C:\DATA\Project\mAIx\mAIx\Views\MainWindow.xaml.cs(3745,47): warning CS8625: Null 리터럴을 null을 허용하지 않는 참조 형식으로 변환할 수 없습니다. [C:\DATA\Project\mAIx\mAIx\mAIx_xnegi4zx_wpftmp.csproj]
C:\DATA\Project\mAIx\mAIx\Views\MainWindow.xaml.cs(3754,49): warning CS8625: Null 리터럴을 null을 허용하지 않는 참조 형식으로 변환할 수 없습니다. [C:\DATA\Project\mAIx\mAIx\mAIx_xnegi4zx_wpftmp.csproj]
C:\DATA\Project\mAIx\mAIx\ViewModels\OneNoteViewModel.cs(1719,13): warning CS4014: 이 호출이 대기되지 않으므로 호출이 완료되기 전에 현재 메서드가 계속 실행됩니다. 호출 결과에 'await' 연산자를 적용해 보세요. [C:\DATA\Project\mAIx\mAIx\mAIx_xnegi4zx_wpftmp.csproj]
C:\DATA\Project\mAIx\mAIx\ViewModels\MainViewModel.cs(1802,68): warning CS8604: 'Task GraphMailService.UpdateMessageFlagAsync(string messageId, string flagStatus)'의 매개 변수 'messageId'에 대한 가능한 null 참조 인수입니다. [C:\DATA\Project\mAIx\mAIx\mAIx_xnegi4zx_wpftmp.csproj]
C:\DATA\Project\mAIx\mAIx\Services\Sync\BackgroundSyncService.cs(2958,56): warning CS8604: 'Task<List<Email>> BackgroundSyncService.SaveEmailsAsync(mAIxDbContext dbContext, List<Message> messages, string accountEmail, string folderId, CancellationToken ct)'의 매개 변수 'accountEmail'에 대한 가능한 null 참조 인수입니다. [C:\DATA\Project\mAIx\mAIx\mAIx_xnegi4zx_wpftmp.csproj]
C:\DATA\Project\mAIx\mAIx\ViewModels\OneNoteViewModel.cs(1947,31): warning CS8625: Null 리터럴을 null을 허용하지 않는 참조 형식으로 변환할 수 없습니다. [C:\DATA\Project\mAIx\mAIx\mAIx_xnegi4zx_wpftmp.csproj]
C:\DATA\Project\mAIx\mAIx\Services\Graph\GraphOneNoteService.cs(1563,41): warning CS8604: 'Match Regex.Match(string input, string pattern, RegexOptions options)'의 매개 변수 'input'에 대한 가능한 null 참조 인수입니다. [C:\DATA\Project\mAIx\mAIx\mAIx_xnegi4zx_wpftmp.csproj]
C:\DATA\Project\mAIx\mAIx\Services\Graph\GraphOneNoteService.cs(1571,56): warning CS8604: 'string GraphOneNoteService.ExtractEditorContentForPatch(string html)'의 매개 변수 'html'에 대한 가능한 null 참조 인수입니다. [C:\DATA\Project\mAIx\mAIx\mAIx_xnegi4zx_wpftmp.csproj]
C:\DATA\Project\mAIx\mAIx\Services\Graph\GraphOneNoteService.cs(1678,32): warning CS8600: null 리터럴 또는 가능한 null 값을 null을 허용하지 않는 형식으로 변환하는 중입니다. [C:\DATA\Project\mAIx\mAIx\mAIx_xnegi4zx_wpftmp.csproj]
C:\DATA\Project\mAIx\mAIx\Views\MainWindow.xaml.cs(4586,17): warning CS8602: null 가능 참조에 대한 역참조입니다. [C:\DATA\Project\mAIx\mAIx\mAIx_xnegi4zx_wpftmp.csproj]
C:\DATA\Project\mAIx\mAIx\ViewModels\MainViewModel.cs(1865,74): warning CS8604: 'Task GraphMailService.UpdateMessageReadStatusAsync(string messageId, bool isRead)'의 매개 변수 'messageId'에 대한 가능한 null 참조 인수입니다. [C:\DATA\Project\mAIx\mAIx\mAIx_xnegi4zx_wpftmp.csproj]
C:\DATA\Project\mAIx\mAIx\ViewModels\MainViewModel.cs(1939,89): warning CS8604: 'Task GraphMailService.UpdateMessageCategoriesAsync(string messageId, List<string> categories)'의 매개 변수 'categories'에 대한 가능한 null 참조 인수입니다. [C:\DATA\Project\mAIx\mAIx\mAIx_xnegi4zx_wpftmp.csproj]
C:\DATA\Project\mAIx\mAIx\Services\Graph\GraphOneNoteService.cs(2448,58): warning CS8604: 'MatchCollection Regex.Matches(string input)'의 매개 변수 'input'에 대한 가능한 null 참조 인수입니다. [C:\DATA\Project\mAIx\mAIx\mAIx_xnegi4zx_wpftmp.csproj]
C:\DATA\Project\mAIx\mAIx\ViewModels\OneNoteViewModel.cs(2659,51): warning CS8604: 'Task ServerWebSocketSpeechService.ConnectSttAsync(string serverBaseUrl, string model, string wsPath = "/ws/stt", CancellationToken ct = default(CancellationToken))'의 매개 변수 'serverBaseUrl'에 대한 가능한 null 참조 인수입니다. [C:\DATA\Project\mAIx\mAIx\mAIx_xnegi4zx_wpftmp.csproj]
C:\DATA\Project\mAIx\mAIx\ViewModels\OneNoteViewModel.cs(2796,27): warning CS8625: Null 리터럴을 null을 허용하지 않는 참조 형식으로 변환할 수 없습니다. [C:\DATA\Project\mAIx\mAIx\mAIx_xnegi4zx_wpftmp.csproj]
C:\DATA\Project\mAIx\mAIx\ViewModels\OneNoteViewModel.cs(2808,27): warning CS8625: Null 리터럴을 null을 허용하지 않는 참조 형식으로 변환할 수 없습니다. [C:\DATA\Project\mAIx\mAIx\mAIx_xnegi4zx_wpftmp.csproj]
C:\DATA\Project\mAIx\mAIx\ViewModels\OneNoteViewModel.cs(2887,20): warning CS0168: 'summaryText' 변수가 선언되었지만 사용되지 않았습니다. [C:\DATA\Project\mAIx\mAIx\mAIx_xnegi4zx_wpftmp.csproj]
C:\DATA\Project\mAIx\mAIx\ViewModels\MainViewModel.cs(2769,81): warning CS8604: 'Task<Message> GraphMailService.MoveMessageAsync(string messageId, string destinationFolderId)'의 매개 변수 'messageId'에 대한 가능한 null 참조 인수입니다. [C:\DATA\Project\mAIx\mAIx\mAIx_xnegi4zx_wpftmp.csproj]
C:\DATA\Project\mAIx\mAIx\ViewModels\MainViewModel.cs(2868,26): warning CS8601: 가능한 null 참조 할당입니다. [C:\DATA\Project\mAIx\mAIx\mAIx_xnegi4zx_wpftmp.csproj]
C:\DATA\Project\mAIx\mAIx\ViewModels\MainViewModel.cs(2869,35): warning CS8601: 가능한 null 참조 할당입니다. [C:\DATA\Project\mAIx\mAIx\mAIx_xnegi4zx_wpftmp.csproj]
C:\DATA\Project\mAIx\mAIx\ViewModels\OneNoteViewModel.cs(3778,23): warning CS8602: null 가능 참조에 대한 역참조입니다. [C:\DATA\Project\mAIx\mAIx\mAIx_xnegi4zx_wpftmp.csproj]
C:\DATA\Project\mAIx\mAIx\Views\MainWindow.xaml.cs(7630,13): warning CS8602: null 가능 참조에 대한 역참조입니다. [C:\DATA\Project\mAIx\mAIx\mAIx_xnegi4zx_wpftmp.csproj]
C:\DATA\Project\mAIx\mAIx\Views\MainWindow.xaml.cs(10522,60): warning CS8601: 가능한 null 참조 할당입니다. [C:\DATA\Project\mAIx\mAIx\mAIx_xnegi4zx_wpftmp.csproj]
C:\DATA\Project\mAIx\mAIx\Views\MainWindow.xaml.cs(10538,60): warning CS8601: 가능한 null 참조 할당입니다. [C:\DATA\Project\mAIx\mAIx\mAIx_xnegi4zx_wpftmp.csproj]
C:\DATA\Project\mAIx\mAIx\Views\MainWindow.xaml.cs(12238,54): warning CS8602: null 가능 참조에 대한 역참조입니다. [C:\DATA\Project\mAIx\mAIx\mAIx_xnegi4zx_wpftmp.csproj]
C:\DATA\Project\mAIx\mAIx\Views\MainWindow.xaml.cs(12460,54): warning CS8602: null 가능 참조에 대한 역참조입니다. [C:\DATA\Project\mAIx\mAIx\mAIx_xnegi4zx_wpftmp.csproj]
C:\DATA\Project\mAIx\mAIx\Views\MainWindow.xaml.cs(14570,23): warning CS8602: null 가능 참조에 대한 역참조입니다. [C:\DATA\Project\mAIx\mAIx\mAIx_xnegi4zx_wpftmp.csproj]
C:\DATA\Project\mAIx\mAIx\Views\MainWindow.xaml.cs(14598,27): warning CS8602: null 가능 참조에 대한 역참조입니다. [C:\DATA\Project\mAIx\mAIx\mAIx_xnegi4zx_wpftmp.csproj]
C:\DATA\Project\mAIx\mAIx\Views\MainWindow.xaml.cs(14615,17): warning CS8602: null 가능 참조에 대한 역참조입니다. [C:\DATA\Project\mAIx\mAIx\mAIx_xnegi4zx_wpftmp.csproj]
C:\DATA\Project\mAIx\mAIx\Views\MainWindow.xaml.cs(14653,17): warning CS8602: null 가능 참조에 대한 역참조입니다. [C:\DATA\Project\mAIx\mAIx\mAIx_xnegi4zx_wpftmp.csproj]
C:\DATA\Project\mAIx\mAIx\Views\MainWindow.xaml.cs(15879,19): warning CS8602: null 가능 참조에 대한 역참조입니다. [C:\DATA\Project\mAIx\mAIx\mAIx_xnegi4zx_wpftmp.csproj]
C:\DATA\Project\mAIx\mAIx\Views\MainWindow.xaml.cs(15921,23): warning CS8602: null 가능 참조에 대한 역참조입니다. [C:\DATA\Project\mAIx\mAIx\mAIx_xnegi4zx_wpftmp.csproj]
C:\DATA\Project\mAIx\mAIx\Services\Sync\BackgroundSyncService.cs(48,38): warning CS0649: 'BackgroundSyncService._intervalChangeCts' 필드에는 할당되지 않으므로 항상 null 기본값을 사용합니다. [C:\DATA\Project\mAIx\mAIx\mAIx_xnegi4zx_wpftmp.csproj]
C:\DATA\Project\mAIx\mAIx\ViewModels\OneNoteViewModel.cs(195,38): warning CS0649: 'OneNoteViewModel._manualSTTCts' 필드에는 할당되지 않으므로 항상 null 기본값을 사용합니다. [C:\DATA\Project\mAIx\mAIx\mAIx_xnegi4zx_wpftmp.csproj]
C:\DATA\Project\mAIx\mAIx\ViewModels\OneNoteViewModel.cs(362,23): warning CS0169: 'OneNoteViewModel._sttStartTime' 필드가 사용되지 않았습니다. [C:\DATA\Project\mAIx\mAIx\mAIx_xnegi4zx_wpftmp.csproj]
C:\DATA\Project\mAIx\mAIx\Services\Audio\AudioPlayerService.cs(18,28): warning CS0414: 'AudioPlayerService._waveProvider' 필드가 할당되었지만 사용되지 않았습니다. [C:\DATA\Project\mAIx\mAIx\mAIx_xnegi4zx_wpftmp.csproj]
C:\DATA\Project\mAIx\mAIx\Views\MainWindow.xaml.cs(10168,21): warning CS0414: 'MainWindow._deletedPageId' 필드가 할당되었지만 사용되지 않았습니다. [C:\DATA\Project\mAIx\mAIx\mAIx_xnegi4zx_wpftmp.csproj]
C:\DATA\Project\mAIx\mAIx\Views\MainWindow.xaml.cs(9836,18): warning CS0414: 'MainWindow._isChatDragging' 필드가 할당되었지만 사용되지 않았습니다. [C:\DATA\Project\mAIx\mAIx\mAIx_xnegi4zx_wpftmp.csproj]
C:\DATA\Project\mAIx\mAIx\Views\MainWindow.xaml.cs(3504,18): warning CS0414: 'MainWindow._isDraggingEmail' 필드가 할당되었지만 사용되지 않았습니다. [C:\DATA\Project\mAIx\mAIx\mAIx_xnegi4zx_wpftmp.csproj]
C:\DATA\Project\mAIx\mAIx\Services\AI\OpenAIProvider.cs(121,21): warning CA2024: 비동기 메서드에서 'reader.EndOfStream'을(를) 사용하지 마세요 (https://learn.microsoft.com/dotnet/fundamentals/code-analysis/quality-rules/ca2024) [C:\DATA\Project\mAIx\mAIx\mAIx_xnegi4zx_wpftmp.csproj]
C:\DATA\Project\mAIx\mAIx\Services\AI\OllamaProvider.cs(125,21): warning CA2024: 비동기 메서드에서 'reader.EndOfStream'을(를) 사용하지 마세요 (https://learn.microsoft.com/dotnet/fundamentals/code-analysis/quality-rules/ca2024) [C:\DATA\Project\mAIx\mAIx\mAIx_xnegi4zx_wpftmp.csproj]
C:\DATA\Project\mAIx\mAIx\Services\AI\LMStudioProvider.cs(140,21): warning CA2024: 비동기 메서드에서 'reader.EndOfStream'을(를) 사용하지 마세요 (https://learn.microsoft.com/dotnet/fundamentals/code-analysis/quality-rules/ca2024) [C:\DATA\Project\mAIx\mAIx\mAIx_xnegi4zx_wpftmp.csproj]
C:\DATA\Project\mAIx\mAIx\Services\AI\GeminiProvider.cs(143,21): warning CA2024: 비동기 메서드에서 'reader.EndOfStream'을(를) 사용하지 마세요 (https://learn.microsoft.com/dotnet/fundamentals/code-analysis/quality-rules/ca2024) [C:\DATA\Project\mAIx\mAIx\mAIx_xnegi4zx_wpftmp.csproj]
C:\DATA\Project\mAIx\mAIx\Services\AI\ClaudeProvider.cs(116,21): warning CA2024: 비동기 메서드에서 'reader.EndOfStream'을(를) 사용하지 마세요 (https://learn.microsoft.com/dotnet/fundamentals/code-analysis/quality-rules/ca2024) [C:\DATA\Project\mAIx\mAIx\mAIx_xnegi4zx_wpftmp.csproj]
C:\DATA\Project\mAIx\mAIx\ViewModels\MainViewModel.cs(434,45): warning MVVMTK0034: The field mAIx.ViewModels.MainViewModel._selectedEmailCount is annotated with [ObservableProperty] and should not be directly referenced (use the generated property instead) (https://aka.ms/mvvmtoolkit/errors/mvvmtk0034) [C:\DATA\Project\mAIx\mAIx\mAIx_xnegi4zx_wpftmp.csproj]
C:\DATA\Project\mAIx\mAIx\Services\AI\AIProviderBase.cs(53,71): warning CS8625: Null 리터럴을 null을 허용하지 않는 참조 형식으로 변환할 수 없습니다. [C:\DATA\Project\mAIx\mAIx\mAIx.csproj]
C:\DATA\Project\mAIx\mAIx\Services\AI\AIProviderBase.cs(53,92): warning CS8625: Null 리터럴을 null을 허용하지 않는 참조 형식으로 변환할 수 없습니다. [C:\DATA\Project\mAIx\mAIx\mAIx.csproj]
C:\DATA\Project\mAIx\mAIx\Services\AI\AIService.cs(103,84): warning CS8625: Null 리터럴을 null을 허용하지 않는 참조 형식으로 변환할 수 없습니다. [C:\DATA\Project\mAIx\mAIx\mAIx.csproj]
C:\DATA\Project\mAIx\mAIx\Services\AI\AIService.cs(103,105): warning CS8625: Null 리터럴을 null을 허용하지 않는 참조 형식으로 변환할 수 없습니다. [C:\DATA\Project\mAIx\mAIx\mAIx.csproj]
C:\DATA\Project\mAIx\mAIx\Services\AI\IAIProvider.cs(51,56): warning CS8625: Null 리터럴을 null을 허용하지 않는 참조 형식으로 변환할 수 없습니다. [C:\DATA\Project\mAIx\mAIx\mAIx.csproj]
C:\DATA\Project\mAIx\mAIx\Services\AI\IAIProvider.cs(51,77): warning CS8625: Null 리터럴을 null을 허용하지 않는 참조 형식으로 변환할 수 없습니다. [C:\DATA\Project\mAIx\mAIx\mAIx.csproj]
C:\DATA\Project\mAIx\mAIx\Services\Graph\GraphMailService.cs(182,84): warning CS8625: Null 리터럴을 null을 허용하지 않는 참조 형식으로 변환할 수 없습니다. [C:\DATA\Project\mAIx\mAIx\mAIx.csproj]
C:\DATA\Project\mAIx\mAIx\App.xaml.cs(250,79): warning CS8625: Null 리터럴을 null을 허용하지 않는 참조 형식으로 변환할 수 없습니다. [C:\DATA\Project\mAIx\mAIx\mAIx.csproj]
C:\DATA\Project\mAIx\mAIx\App.xaml.cs(250,85): warning CS8604: 'bool AIService.ConfigureProvider(string name, string apiKey, string baseUrl = null, string model = null)'의 매개 변수 'model'에 대한 가능한 null 참조 인수입니다. [C:\DATA\Project\mAIx\mAIx\mAIx.csproj]
C:\DATA\Project\mAIx\mAIx\App.xaml.cs(256,79): warning CS8625: Null 리터럴을 null을 허용하지 않는 참조 형식으로 변환할 수 없습니다. [C:\DATA\Project\mAIx\mAIx\mAIx.csproj]
C:\DATA\Project\mAIx\mAIx\App.xaml.cs(256,85): warning CS8604: 'bool AIService.ConfigureProvider(string name, string apiKey, string baseUrl = null, string model = null)'의 매개 변수 'model'에 대한 가능한 null 참조 인수입니다. [C:\DATA\Project\mAIx\mAIx\mAIx.csproj]
C:\DATA\Project\mAIx\mAIx\App.xaml.cs(262,79): warning CS8625: Null 리터럴을 null을 허용하지 않는 참조 형식으로 변환할 수 없습니다. [C:\DATA\Project\mAIx\mAIx\mAIx.csproj]
C:\DATA\Project\mAIx\mAIx\App.xaml.cs(262,85): warning CS8604: 'bool AIService.ConfigureProvider(string name, string apiKey, string baseUrl = null, string model = null)'의 매개 변수 'model'에 대한 가능한 null 참조 인수입니다. [C:\DATA\Project\mAIx\mAIx\mAIx.csproj]
C:\DATA\Project\mAIx\mAIx\App.xaml.cs(268,84): warning CS8604: 'bool AIService.ConfigureProvider(string name, string apiKey, string baseUrl = null, string model = null)'의 매개 변수 'model'에 대한 가능한 null 참조 인수입니다. [C:\DATA\Project\mAIx\mAIx\mAIx.csproj]
C:\DATA\Project\mAIx\mAIx\App.xaml.cs(274,88): warning CS8604: 'bool AIService.ConfigureProvider(string name, string apiKey, string baseUrl = null, string model = null)'의 매개 변수 'model'에 대한 가능한 null 참조 인수입니다. [C:\DATA\Project\mAIx\mAIx\mAIx.csproj]
C:\DATA\Project\mAIx\mAIx\Services\AI\AIProviderBase.cs(43,19): warning CS8618: null을 허용하지 않는 필드 '_apiKey'은(는) 생성자를 종료할 때 null이 아닌 값을 포함해야 합니다. 'required' 한정자를 추가하거나 필드을(를) nullable로 선언하는 것이 좋습니다. [C:\DATA\Project\mAIx\mAIx\mAIx.csproj]
C:\DATA\Project\mAIx\mAIx\Services\AI\AIProviderBase.cs(43,19): warning CS8618: null을 허용하지 않는 필드 '_baseUrl'은(는) 생성자를 종료할 때 null이 아닌 값을 포함해야 합니다. 'required' 한정자를 추가하거나 필드을(를) nullable로 선언하는 것이 좋습니다. [C:\DATA\Project\mAIx\mAIx\mAIx.csproj]
C:\DATA\Project\mAIx\mAIx\Services\AI\AIProviderBase.cs(43,19): warning CS8618: null을 허용하지 않는 필드 '_model'은(는) 생성자를 종료할 때 null이 아닌 값을 포함해야 합니다. 'required' 한정자를 추가하거나 필드을(를) nullable로 선언하는 것이 좋습니다. [C:\DATA\Project\mAIx\mAIx\mAIx.csproj]
C:\DATA\Project\mAIx\mAIx\Services\AI\AIService.cs(22,16): warning CS8618: null을 허용하지 않는 필드 '_currentProvider'은(는) 생성자를 종료할 때 null이 아닌 값을 포함해야 합니다. 'required' 한정자를 추가하거나 필드을(를) nullable로 선언하는 것이 좋습니다. [C:\DATA\Project\mAIx\mAIx\mAIx.csproj]
C:\DATA\Project\mAIx\mAIx\Services\Graph\TokenCacheHelper.cs(77,44): warning CS8600: null 리터럴 또는 가능한 null 값을 null을 허용하지 않는 형식으로 변환하는 중입니다. [C:\DATA\Project\mAIx\mAIx\mAIx.csproj]
C:\DATA\Project\mAIx\mAIx\Services\Graph\TokenCacheHelper.cs(80,55): warning CS8604: 'DirectoryInfo Directory.CreateDirectory(string path)'의 매개 변수 'path'에 대한 가능한 null 참조 인수입니다. [C:\DATA\Project\mAIx\mAIx\mAIx.csproj]
C:\DATA\Project\mAIx\mAIx\Services\AI\AIService.cs(139,20): warning CS8603: 가능한 null 참조 반환입니다. [C:\DATA\Project\mAIx\mAIx\mAIx.csproj]
C:\DATA\Project\mAIx\mAIx\Services\Converter\OpenXmlPptConverter.cs(172,30): warning CS8602: null 가능 참조에 대한 역참조입니다. [C:\DATA\Project\mAIx\mAIx\mAIx.csproj]
C:\DATA\Project\mAIx\mAIx\Services\Converter\OpenXmlPptConverter.cs(253,29): warning CS8602: null 가능 참조에 대한 역참조입니다. [C:\DATA\Project\mAIx\mAIx\mAIx.csproj]
C:\DATA\Project\mAIx\mAIx\Services\Graph\GraphActivityService.cs(123,34): warning CS0618: 'RecentRequestBuilder.GetAsync(Action<RequestConfiguration<RecentRequestBuilder.RecentRequestBuilderGetQueryParameters>>?, CancellationToken)'은(는) 사용되지 않습니다. 'This method is obsolete. Use GetAsRecentGetResponseAsync instead.' [C:\DATA\Project\mAIx\mAIx\mAIx.csproj]
C:\DATA\Project\mAIx\mAIx\Services\Storage\AppSettingsManager.cs(231,77): warning CS8604: 'string AppSettingsManager.DecryptApiKey(string encryptedText)'의 매개 변수 'encryptedText'에 대한 가능한 null 참조 인수입니다. [C:\DATA\Project\mAIx\mAIx\mAIx.csproj]
C:\DATA\Project\mAIx\mAIx\Services\Storage\AppSettingsManager.cs(232,77): warning CS8604: 'string AppSettingsManager.DecryptApiKey(string encryptedText)'의 매개 변수 'encryptedText'에 대한 가능한 null 참조 인수입니다. [C:\DATA\Project\mAIx\mAIx\mAIx.csproj]
C:\DATA\Project\mAIx\mAIx\Services\Storage\AppSettingsManager.cs(233,77): warning CS8604: 'string AppSettingsManager.DecryptApiKey(string encryptedText)'의 매개 변수 'encryptedText'에 대한 가능한 null 참조 인수입니다. [C:\DATA\Project\mAIx\mAIx\mAIx.csproj]
C:\DATA\Project\mAIx\mAIx\Services\Storage\AppSettingsManager.cs(234,77): warning CS8604: 'string AppSettingsManager.DecryptApiKey(string encryptedText)'의 매개 변수 'encryptedText'에 대한 가능한 null 참조 인수입니다. [C:\DATA\Project\mAIx\mAIx\mAIx.csproj]
C:\DATA\Project\mAIx\mAIx\Services\Storage\AppSettingsManager.cs(235,81): warning CS8604: 'string AppSettingsManager.DecryptApiKey(string encryptedText)'의 매개 변수 'encryptedText'에 대한 가능한 null 참조 인수입니다. [C:\DATA\Project\mAIx\mAIx\mAIx.csproj]
C:\DATA\Project\mAIx\mAIx\Services\Storage\AppSettingsManager.cs(236,79): warning CS8604: 'string AppSettingsManager.DecryptApiKey(string encryptedText)'의 매개 변수 'encryptedText'에 대한 가능한 null 참조 인수입니다. [C:\DATA\Project\mAIx\mAIx\mAIx.csproj]
C:\DATA\Project\mAIx\mAIx\Services\Storage\AppSettingsManager.cs(258,36): warning CS8603: 가능한 null 참조 반환입니다. [C:\DATA\Project\mAIx\mAIx\mAIx.csproj]
C:\DATA\Project\mAIx\mAIx\Services\Storage\AppSettingsManager.cs(261,36): warning CS8604: 'string AppSettingsManager.EncryptApiKey(string plainText)'의 매개 변수 'plainText'에 대한 가능한 null 참조 인수입니다. [C:\DATA\Project\mAIx\mAIx\mAIx.csproj]
C:\DATA\Project\mAIx\mAIx\Services\Storage\AppSettingsManager.cs(269,36): warning CS8603: 가능한 null 참조 반환입니다. [C:\DATA\Project\mAIx\mAIx\mAIx.csproj]
C:\DATA\Project\mAIx\mAIx\Services\Storage\AppSettingsManager.cs(272,36): warning CS8604: 'string AppSettingsManager.EncryptApiKey(string plainText)'의 매개 변수 'plainText'에 대한 가능한 null 참조 인수입니다. [C:\DATA\Project\mAIx\mAIx\mAIx.csproj]
C:\DATA\Project\mAIx\mAIx\ViewModels\OneDriveViewModel.cs(660,29): warning CS8604: 'IEnumerable<DriveItem> Enumerable.Where<DriveItem>(IEnumerable<DriveItem> source, Func<DriveItem, bool> predicate)'의 매개 변수 'source'에 대한 가능한 null 참조 인수입니다. [C:\DATA\Project\mAIx\mAIx\mAIx.csproj]
C:\DATA\Project\mAIx\mAIx\ViewModels\MainViewModel.cs(1636,66): warning CS8604: 'Task<Message> GraphMailService.MoveMessageAsync(string messageId, string destinationFolderId)'의 매개 변수 'messageId'에 대한 가능한 null 참조 인수입니다. [C:\DATA\Project\mAIx\mAIx\mAIx.csproj]
C:\DATA\Project\mAIx\mAIx\ViewModels\MainViewModel.cs(1638,68): warning CS8604: 'Task GraphMailService.DeleteMessageAsync(string messageId)'의 매개 변수 'messageId'에 대한 가능한 null 참조 인수입니다. [C:\DATA\Project\mAIx\mAIx\mAIx.csproj]
C:\DATA\Project\mAIx\mAIx\Views\MainWindow.xaml.cs(3745,47): warning CS8625: Null 리터럴을 null을 허용하지 않는 참조 형식으로 변환할 수 없습니다. [C:\DATA\Project\mAIx\mAIx\mAIx.csproj]
C:\DATA\Project\mAIx\mAIx\Views\MainWindow.xaml.cs(3754,49): warning CS8625: Null 리터럴을 null을 허용하지 않는 참조 형식으로 변환할 수 없습니다. [C:\DATA\Project\mAIx\mAIx\mAIx.csproj]
C:\DATA\Project\mAIx\mAIx\Services\Graph\GraphOneDriveService.cs(454,34): warning CS0618: 'SearchWithQRequestBuilder.GetAsync(Action<RequestConfiguration<SearchWithQRequestBuilder.SearchWithQRequestBuilderGetQueryParameters>>?, CancellationToken)'은(는) 사용되지 않습니다. 'This method is obsolete. Use GetAsSearchWithQGetResponseAsync instead.' [C:\DATA\Project\mAIx\mAIx\mAIx.csproj]
C:\DATA\Project\mAIx\mAIx\Services\Graph\GraphOneDriveService.cs(505,34): warning CS0618: 'RecentRequestBuilder.GetAsRecentGetResponseAsync(Action<RequestConfiguration<RecentRequestBuilder.RecentRequestBuilderGetQueryParameters>>?, CancellationToken)'은(는) 사용되지 않습니다. 'This API is deprecated and will stop returning data after November, 2027. as of 2025-11/Removal on 2025-11-13 and will be removed 2027-11-01' [C:\DATA\Project\mAIx\mAIx\mAIx.csproj]
C:\DATA\Project\mAIx\mAIx\Services\Graph\GraphMailService.cs(539,20): warning CS8603: 가능한 null 참조 반환입니다. [C:\DATA\Project\mAIx\mAIx\mAIx.csproj]
C:\DATA\Project\mAIx\mAIx\Services\Graph\GraphOneDriveService.cs(539,34): warning CS0618: 'SharedWithMeRequestBuilder.GetAsSharedWithMeGetResponseAsync(Action<RequestConfiguration<SharedWithMeRequestBuilder.SharedWithMeRequestBuilderGetQueryParameters>>?, CancellationToken)'은(는) 사용되지 않습니다. 'This API is deprecated and will stop returning data after November, 2027. as of 2025-11/Removal on 2025-11-13 and will be removed 2027-11-01' [C:\DATA\Project\mAIx\mAIx\mAIx.csproj]
C:\DATA\Project\mAIx\mAIx\ViewModels\MainViewModel.cs(1802,68): warning CS8604: 'Task GraphMailService.UpdateMessageFlagAsync(string messageId, string flagStatus)'의 매개 변수 'messageId'에 대한 가능한 null 참조 인수입니다. [C:\DATA\Project\mAIx\mAIx\mAIx.csproj]
C:\DATA\Project\mAIx\mAIx\Services\Graph\GraphMailService.cs(784,20): warning CS8603: 가능한 null 참조 반환입니다. [C:\DATA\Project\mAIx\mAIx\mAIx.csproj]
C:\DATA\Project\mAIx\mAIx\Views\MainWindow.xaml.cs(4586,17): warning CS8602: null 가능 참조에 대한 역참조입니다. [C:\DATA\Project\mAIx\mAIx\mAIx.csproj]
C:\DATA\Project\mAIx\mAIx\ViewModels\OneNoteViewModel.cs(1719,13): warning CS4014: 이 호출이 대기되지 않으므로 호출이 완료되기 전에 현재 메서드가 계속 실행됩니다. 호출 결과에 'await' 연산자를 적용해 보세요. [C:\DATA\Project\mAIx\mAIx\mAIx.csproj]
C:\DATA\Project\mAIx\mAIx\ViewModels\MainViewModel.cs(1865,74): warning CS8604: 'Task GraphMailService.UpdateMessageReadStatusAsync(string messageId, bool isRead)'의 매개 변수 'messageId'에 대한 가능한 null 참조 인수입니다. [C:\DATA\Project\mAIx\mAIx\mAIx.csproj]
C:\DATA\Project\mAIx\mAIx\ViewModels\MainViewModel.cs(1939,89): warning CS8604: 'Task GraphMailService.UpdateMessageCategoriesAsync(string messageId, List<string> categories)'의 매개 변수 'categories'에 대한 가능한 null 참조 인수입니다. [C:\DATA\Project\mAIx\mAIx\mAIx.csproj]
C:\DATA\Project\mAIx\mAIx\ViewModels\OneNoteViewModel.cs(1947,31): warning CS8625: Null 리터럴을 null을 허용하지 않는 참조 형식으로 변환할 수 없습니다. [C:\DATA\Project\mAIx\mAIx\mAIx.csproj]
C:\DATA\Project\mAIx\mAIx\Services\Graph\GraphOneNoteService.cs(1563,41): warning CS8604: 'Match Regex.Match(string input, string pattern, RegexOptions options)'의 매개 변수 'input'에 대한 가능한 null 참조 인수입니다. [C:\DATA\Project\mAIx\mAIx\mAIx.csproj]
C:\DATA\Project\mAIx\mAIx\Services\Graph\GraphOneNoteService.cs(1571,56): warning CS8604: 'string GraphOneNoteService.ExtractEditorContentForPatch(string html)'의 매개 변수 'html'에 대한 가능한 null 참조 인수입니다. [C:\DATA\Project\mAIx\mAIx\mAIx.csproj]
C:\DATA\Project\mAIx\mAIx\Services\Graph\GraphOneNoteService.cs(1678,32): warning CS8600: null 리터럴 또는 가능한 null 값을 null을 허용하지 않는 형식으로 변환하는 중입니다. [C:\DATA\Project\mAIx\mAIx\mAIx.csproj]
C:\DATA\Project\mAIx\mAIx\ViewModels\OneNoteViewModel.cs(2659,51): warning CS8604: 'Task ServerWebSocketSpeechService.ConnectSttAsync(string serverBaseUrl, string model, string wsPath = "/ws/stt", CancellationToken ct = default(CancellationToken))'의 매개 변수 'serverBaseUrl'에 대한 가능한 null 참조 인수입니다. [C:\DATA\Project\mAIx\mAIx\mAIx.csproj]
C:\DATA\Project\mAIx\mAIx\ViewModels\OneNoteViewModel.cs(2796,27): warning CS8625: Null 리터럴을 null을 허용하지 않는 참조 형식으로 변환할 수 없습니다. [C:\DATA\Project\mAIx\mAIx\mAIx.csproj]
C:\DATA\Project\mAIx\mAIx\ViewModels\OneNoteViewModel.cs(2808,27): warning CS8625: Null 리터럴을 null을 허용하지 않는 참조 형식으로 변환할 수 없습니다. [C:\DATA\Project\mAIx\mAIx\mAIx.csproj]
C:\DATA\Project\mAIx\mAIx\ViewModels\OneNoteViewModel.cs(2887,20): warning CS0168: 'summaryText' 변수가 선언되었지만 사용되지 않았습니다. [C:\DATA\Project\mAIx\mAIx\mAIx.csproj]
C:\DATA\Project\mAIx\mAIx\Services\Sync\BackgroundSyncService.cs(2958,56): warning CS8604: 'Task<List<Email>> BackgroundSyncService.SaveEmailsAsync(mAIxDbContext dbContext, List<Message> messages, string accountEmail, string folderId, CancellationToken ct)'의 매개 변수 'accountEmail'에 대한 가능한 null 참조 인수입니다. [C:\DATA\Project\mAIx\mAIx\mAIx.csproj]
C:\DATA\Project\mAIx\mAIx\Services\Graph\GraphOneNoteService.cs(2448,58): warning CS8604: 'MatchCollection Regex.Matches(string input)'의 매개 변수 'input'에 대한 가능한 null 참조 인수입니다. [C:\DATA\Project\mAIx\mAIx\mAIx.csproj]
C:\DATA\Project\mAIx\mAIx\ViewModels\MainViewModel.cs(2769,81): warning CS8604: 'Task<Message> GraphMailService.MoveMessageAsync(string messageId, string destinationFolderId)'의 매개 변수 'messageId'에 대한 가능한 null 참조 인수입니다. [C:\DATA\Project\mAIx\mAIx\mAIx.csproj]
C:\DATA\Project\mAIx\mAIx\ViewModels\MainViewModel.cs(2868,26): warning CS8601: 가능한 null 참조 할당입니다. [C:\DATA\Project\mAIx\mAIx\mAIx.csproj]
C:\DATA\Project\mAIx\mAIx\ViewModels\MainViewModel.cs(2869,35): warning CS8601: 가능한 null 참조 할당입니다. [C:\DATA\Project\mAIx\mAIx\mAIx.csproj]
C:\DATA\Project\mAIx\mAIx\Views\MainWindow.xaml.cs(7630,13): warning CS8602: null 가능 참조에 대한 역참조입니다. [C:\DATA\Project\mAIx\mAIx\mAIx.csproj]
C:\DATA\Project\mAIx\mAIx\ViewModels\OneNoteViewModel.cs(3778,23): warning CS8602: null 가능 참조에 대한 역참조입니다. [C:\DATA\Project\mAIx\mAIx\mAIx.csproj]
C:\DATA\Project\mAIx\mAIx\Views\MainWindow.xaml.cs(10522,60): warning CS8601: 가능한 null 참조 할당입니다. [C:\DATA\Project\mAIx\mAIx\mAIx.csproj]
C:\DATA\Project\mAIx\mAIx\Views\MainWindow.xaml.cs(10538,60): warning CS8601: 가능한 null 참조 할당입니다. [C:\DATA\Project\mAIx\mAIx\mAIx.csproj]
C:\DATA\Project\mAIx\mAIx\Views\MainWindow.xaml.cs(12238,54): warning CS8602: null 가능 참조에 대한 역참조입니다. [C:\DATA\Project\mAIx\mAIx\mAIx.csproj]
C:\DATA\Project\mAIx\mAIx\Views\MainWindow.xaml.cs(12460,54): warning CS8602: null 가능 참조에 대한 역참조입니다. [C:\DATA\Project\mAIx\mAIx\mAIx.csproj]
C:\DATA\Project\mAIx\mAIx\Views\MainWindow.xaml.cs(14570,23): warning CS8602: null 가능 참조에 대한 역참조입니다. [C:\DATA\Project\mAIx\mAIx\mAIx.csproj]
C:\DATA\Project\mAIx\mAIx\Views\MainWindow.xaml.cs(14598,27): warning CS8602: null 가능 참조에 대한 역참조입니다. [C:\DATA\Project\mAIx\mAIx\mAIx.csproj]
C:\DATA\Project\mAIx\mAIx\Views\MainWindow.xaml.cs(14615,17): warning CS8602: null 가능 참조에 대한 역참조입니다. [C:\DATA\Project\mAIx\mAIx\mAIx.csproj]
C:\DATA\Project\mAIx\mAIx\Views\MainWindow.xaml.cs(14653,17): warning CS8602: null 가능 참조에 대한 역참조입니다. [C:\DATA\Project\mAIx\mAIx\mAIx.csproj]
C:\DATA\Project\mAIx\mAIx\Views\MainWindow.xaml.cs(15879,19): warning CS8602: null 가능 참조에 대한 역참조입니다. [C:\DATA\Project\mAIx\mAIx\mAIx.csproj]
C:\DATA\Project\mAIx\mAIx\Views\MainWindow.xaml.cs(15921,23): warning CS8602: null 가능 참조에 대한 역참조입니다. [C:\DATA\Project\mAIx\mAIx\mAIx.csproj]
C:\DATA\Project\mAIx\mAIx\ViewModels\OneNoteViewModel.cs(362,23): warning CS0169: 'OneNoteViewModel._sttStartTime' 필드가 사용되지 않았습니다. [C:\DATA\Project\mAIx\mAIx\mAIx.csproj]
C:\DATA\Project\mAIx\mAIx\ViewModels\OneNoteViewModel.cs(195,38): warning CS0649: 'OneNoteViewModel._manualSTTCts' 필드에는 할당되지 않으므로 항상 null 기본값을 사용합니다. [C:\DATA\Project\mAIx\mAIx\mAIx.csproj]
C:\DATA\Project\mAIx\mAIx\Services\Sync\BackgroundSyncService.cs(48,38): warning CS0649: 'BackgroundSyncService._intervalChangeCts' 필드에는 할당되지 않으므로 항상 null 기본값을 사용합니다. [C:\DATA\Project\mAIx\mAIx\mAIx.csproj]
C:\DATA\Project\mAIx\mAIx\Services\Audio\AudioPlayerService.cs(18,28): warning CS0414: 'AudioPlayerService._waveProvider' 필드가 할당되었지만 사용되지 않았습니다. [C:\DATA\Project\mAIx\mAIx\mAIx.csproj]
C:\DATA\Project\mAIx\mAIx\Views\MainWindow.xaml.cs(10168,21): warning CS0414: 'MainWindow._deletedPageId' 필드가 할당되었지만 사용되지 않았습니다. [C:\DATA\Project\mAIx\mAIx\mAIx.csproj]
C:\DATA\Project\mAIx\mAIx\Views\MainWindow.xaml.cs(9836,18): warning CS0414: 'MainWindow._isChatDragging' 필드가 할당되었지만 사용되지 않았습니다. [C:\DATA\Project\mAIx\mAIx\mAIx.csproj]
C:\DATA\Project\mAIx\mAIx\Views\MainWindow.xaml.cs(3504,18): warning CS0414: 'MainWindow._isDraggingEmail' 필드가 할당되었지만 사용되지 않았습니다. [C:\DATA\Project\mAIx\mAIx\mAIx.csproj]
C:\DATA\Project\mAIx\mAIx\Services\AI\OpenAIProvider.cs(121,21): warning CA2024: 비동기 메서드에서 'reader.EndOfStream'을(를) 사용하지 마세요 (https://learn.microsoft.com/dotnet/fundamentals/code-analysis/quality-rules/ca2024) [C:\DATA\Project\mAIx\mAIx\mAIx.csproj]
C:\DATA\Project\mAIx\mAIx\Services\AI\OllamaProvider.cs(125,21): warning CA2024: 비동기 메서드에서 'reader.EndOfStream'을(를) 사용하지 마세요 (https://learn.microsoft.com/dotnet/fundamentals/code-analysis/quality-rules/ca2024) [C:\DATA\Project\mAIx\mAIx\mAIx.csproj]
C:\DATA\Project\mAIx\mAIx\Services\AI\LMStudioProvider.cs(140,21): warning CA2024: 비동기 메서드에서 'reader.EndOfStream'을(를) 사용하지 마세요 (https://learn.microsoft.com/dotnet/fundamentals/code-analysis/quality-rules/ca2024) [C:\DATA\Project\mAIx\mAIx\mAIx.csproj]
C:\DATA\Project\mAIx\mAIx\Services\AI\GeminiProvider.cs(143,21): warning CA2024: 비동기 메서드에서 'reader.EndOfStream'을(를) 사용하지 마세요 (https://learn.microsoft.com/dotnet/fundamentals/code-analysis/quality-rules/ca2024) [C:\DATA\Project\mAIx\mAIx\mAIx.csproj]
C:\DATA\Project\mAIx\mAIx\Services\AI\ClaudeProvider.cs(116,21): warning CA2024: 비동기 메서드에서 'reader.EndOfStream'을(를) 사용하지 마세요 (https://learn.microsoft.com/dotnet/fundamentals/code-analysis/quality-rules/ca2024) [C:\DATA\Project\mAIx\mAIx\mAIx.csproj]
C:\DATA\Project\mAIx\mAIx\ViewModels\MainViewModel.cs(434,45): warning MVVMTK0034: The field mAIx.ViewModels.MainViewModel._selectedEmailCount is annotated with [ObservableProperty] and should not be directly referenced (use the generated property instead) (https://aka.ms/mvvmtoolkit/errors/mvvmtk0034) [C:\DATA\Project\mAIx\mAIx\mAIx.csproj]
  mAIx -> C:\DATA\Project\mAIx\mAIx\bin\Debug\net10.0-windows\win-x64\net10.0-windows\mAIx.dll

빌드했습니다.

C:\DATA\Project\mAIx\mAIx\mAIx.csproj : warning NU1510: PackageReference System.Drawing.Common은(는) 잘리지 않습니다. 이 패키지는 불필요할 수 있으므로 종속성에서 제거하는 것이 좋습니다.
C:\DATA\Project\mAIx\mAIx\mAIx.csproj : warning NU1902: 'MimeKit' 4.14.0 패키지에 알려진 보통 심각도 취약성인 https://github.com/advisories/GHSA-g7hc-96xr-gvvx이(가) 있습니다.
C:\DATA\Project\mAIx\mAIx\mAIx.csproj : warning NU1510: PackageReference System.Drawing.Common은(는) 잘리지 않습니다. 이 패키지는 불필요할 수 있으므로 종속성에서 제거하는 것이 좋습니다.
C:\DATA\Project\mAIx\mAIx\mAIx.csproj : warning NU1902: 'MimeKit' 4.14.0 패키지에 알려진 보통 심각도 취약성인 https://github.com/advisories/GHSA-g7hc-96xr-gvvx이(가) 있습니다.
C:\DATA\Project\mAIx\mAIx\mAIx_xnegi4zx_wpftmp.csproj : warning NU1510: PackageReference System.Drawing.Common은(는) 잘리지 않습니다. 이 패키지는 불필요할 수 있으므로 종속성에서 제거하는 것이 좋습니다.
C:\DATA\Project\mAIx\mAIx\mAIx_xnegi4zx_wpftmp.csproj : warning NU1902: 'MimeKit' 4.14.0 패키지에 알려진 보통 심각도 취약성인 https://github.com/advisories/GHSA-g7hc-96xr-gvvx이(가) 있습니다.
C:\DATA\Project\mAIx\mAIx\Services\AI\AIProviderBase.cs(53,71): warning CS8625: Null 리터럴을 null을 허용하지 않는 참조 형식으로 변환할 수 없습니다. [C:\DATA\Project\mAIx\mAIx\mAIx_xnegi4zx_wpftmp.csproj]
C:\DATA\Project\mAIx\mAIx\Services\AI\AIProviderBase.cs(53,92): warning CS8625: Null 리터럴을 null을 허용하지 않는 참조 형식으로 변환할 수 없습니다. [C:\DATA\Project\mAIx\mAIx\mAIx_xnegi4zx_wpftmp.csproj]
C:\DATA\Project\mAIx\mAIx\Services\AI\AIService.cs(103,84): warning CS8625: Null 리터럴을 null을 허용하지 않는 참조 형식으로 변환할 수 없습니다. [C:\DATA\Project\mAIx\mAIx\mAIx_xnegi4zx_wpftmp.csproj]
C:\DATA\Project\mAIx\mAIx\Services\AI\AIService.cs(103,105): warning CS8625: Null 리터럴을 null을 허용하지 않는 참조 형식으로 변환할 수 없습니다. [C:\DATA\Project\mAIx\mAIx\mAIx_xnegi4zx_wpftmp.csproj]
C:\DATA\Project\mAIx\mAIx\Services\AI\IAIProvider.cs(51,56): warning CS8625: Null 리터럴을 null을 허용하지 않는 참조 형식으로 변환할 수 없습니다. [C:\DATA\Project\mAIx\mAIx\mAIx_xnegi4zx_wpftmp.csproj]
C:\DATA\Project\mAIx\mAIx\Services\AI\IAIProvider.cs(51,77): warning CS8625: Null 리터럴을 null을 허용하지 않는 참조 형식으로 변환할 수 없습니다. [C:\DATA\Project\mAIx\mAIx\mAIx_xnegi4zx_wpftmp.csproj]
C:\DATA\Project\mAIx\mAIx\Services\Graph\GraphMailService.cs(182,84): warning CS8625: Null 리터럴을 null을 허용하지 않는 참조 형식으로 변환할 수 없습니다. [C:\DATA\Project\mAIx\mAIx\mAIx_xnegi4zx_wpftmp.csproj]
C:\DATA\Project\mAIx\mAIx\App.xaml.cs(250,79): warning CS8625: Null 리터럴을 null을 허용하지 않는 참조 형식으로 변환할 수 없습니다. [C:\DATA\Project\mAIx\mAIx\mAIx_xnegi4zx_wpftmp.csproj]
C:\DATA\Project\mAIx\mAIx\App.xaml.cs(250,85): warning CS8604: 'bool AIService.ConfigureProvider(string name, string apiKey, string baseUrl = null, string model = null)'의 매개 변수 'model'에 대한 가능한 null 참조 인수입니다. [C:\DATA\Project\mAIx\mAIx\mAIx_xnegi4zx_wpftmp.csproj]
C:\DATA\Project\mAIx\mAIx\App.xaml.cs(256,79): warning CS8625: Null 리터럴을 null을 허용하지 않는 참조 형식으로 변환할 수 없습니다. [C:\DATA\Project\mAIx\mAIx\mAIx_xnegi4zx_wpftmp.csproj]
C:\DATA\Project\mAIx\mAIx\App.xaml.cs(256,85): warning CS8604: 'bool AIService.ConfigureProvider(string name, string apiKey, string baseUrl = null, string model = null)'의 매개 변수 'model'에 대한 가능한 null 참조 인수입니다. [C:\DATA\Project\mAIx\mAIx\mAIx_xnegi4zx_wpftmp.csproj]
C:\DATA\Project\mAIx\mAIx\App.xaml.cs(262,79): warning CS8625: Null 리터럴을 null을 허용하지 않는 참조 형식으로 변환할 수 없습니다. [C:\DATA\Project\mAIx\mAIx\mAIx_xnegi4zx_wpftmp.csproj]
C:\DATA\Project\mAIx\mAIx\App.xaml.cs(262,85): warning CS8604: 'bool AIService.ConfigureProvider(string name, string apiKey, string baseUrl = null, string model = null)'의 매개 변수 'model'에 대한 가능한 null 참조 인수입니다. [C:\DATA\Project\mAIx\mAIx\mAIx_xnegi4zx_wpftmp.csproj]
C:\DATA\Project\mAIx\mAIx\App.xaml.cs(268,84): warning CS8604: 'bool AIService.ConfigureProvider(string name, string apiKey, string baseUrl = null, string model = null)'의 매개 변수 'model'에 대한 가능한 null 참조 인수입니다. [C:\DATA\Project\mAIx\mAIx\mAIx_xnegi4zx_wpftmp.csproj]
C:\DATA\Project\mAIx\mAIx\App.xaml.cs(274,88): warning CS8604: 'bool AIService.ConfigureProvider(string name, string apiKey, string baseUrl = null, string model = null)'의 매개 변수 'model'에 대한 가능한 null 참조 인수입니다. [C:\DATA\Project\mAIx\mAIx\mAIx_xnegi4zx_wpftmp.csproj]
C:\DATA\Project\mAIx\mAIx\Services\Graph\TokenCacheHelper.cs(77,44): warning CS8600: null 리터럴 또는 가능한 null 값을 null을 허용하지 않는 형식으로 변환하는 중입니다. [C:\DATA\Project\mAIx\mAIx\mAIx_xnegi4zx_wpftmp.csproj]
C:\DATA\Project\mAIx\mAIx\Services\Graph\TokenCacheHelper.cs(80,55): warning CS8604: 'DirectoryInfo Directory.CreateDirectory(string path)'의 매개 변수 'path'에 대한 가능한 null 참조 인수입니다. [C:\DATA\Project\mAIx\mAIx\mAIx_xnegi4zx_wpftmp.csproj]
C:\DATA\Project\mAIx\mAIx\Services\AI\AIProviderBase.cs(43,19): warning CS8618: null을 허용하지 않는 필드 '_apiKey'은(는) 생성자를 종료할 때 null이 아닌 값을 포함해야 합니다. 'required' 한정자를 추가하거나 필드을(를) nullable로 선언하는 것이 좋습니다. [C:\DATA\Project\mAIx\mAIx\mAIx_xnegi4zx_wpftmp.csproj]
C:\DATA\Project\mAIx\mAIx\Services\AI\AIProviderBase.cs(43,19): warning CS8618: null을 허용하지 않는 필드 '_baseUrl'은(는) 생성자를 종료할 때 null이 아닌 값을 포함해야 합니다. 'required' 한정자를 추가하거나 필드을(를) nullable로 선언하는 것이 좋습니다. [C:\DATA\Project\mAIx\mAIx\mAIx_xnegi4zx_wpftmp.csproj]
C:\DATA\Project\mAIx\mAIx\Services\AI\AIProviderBase.cs(43,19): warning CS8618: null을 허용하지 않는 필드 '_model'은(는) 생성자를 종료할 때 null이 아닌 값을 포함해야 합니다. 'required' 한정자를 추가하거나 필드을(를) nullable로 선언하는 것이 좋습니다. [C:\DATA\Project\mAIx\mAIx\mAIx_xnegi4zx_wpftmp.csproj]
C:\DATA\Project\mAIx\mAIx\Services\Converter\OpenXmlPptConverter.cs(172,30): warning CS8602: null 가능 참조에 대한 역참조입니다. [C:\DATA\Project\mAIx\mAIx\mAIx_xnegi4zx_wpftmp.csproj]
C:\DATA\Project\mAIx\mAIx\Services\Converter\OpenXmlPptConverter.cs(253,29): warning CS8602: null 가능 참조에 대한 역참조입니다. [C:\DATA\Project\mAIx\mAIx\mAIx_xnegi4zx_wpftmp.csproj]
C:\DATA\Project\mAIx\mAIx\Services\Storage\AppSettingsManager.cs(231,77): warning CS8604: 'string AppSettingsManager.DecryptApiKey(string encryptedText)'의 매개 변수 'encryptedText'에 대한 가능한 null 참조 인수입니다. [C:\DATA\Project\mAIx\mAIx\mAIx_xnegi4zx_wpftmp.csproj]
C:\DATA\Project\mAIx\mAIx\Services\Storage\AppSettingsManager.cs(232,77): warning CS8604: 'string AppSettingsManager.DecryptApiKey(string encryptedText)'의 매개 변수 'encryptedText'에 대한 가능한 null 참조 인수입니다. [C:\DATA\Project\mAIx\mAIx\mAIx_xnegi4zx_wpftmp.csproj]
C:\DATA\Project\mAIx\mAIx\Services\Storage\AppSettingsManager.cs(233,77): warning CS8604: 'string AppSettingsManager.DecryptApiKey(string encryptedText)'의 매개 변수 'encryptedText'에 대한 가능한 null 참조 인수입니다. [C:\DATA\Project\mAIx\mAIx\mAIx_xnegi4zx_wpftmp.csproj]
C:\DATA\Project\mAIx\mAIx\Services\Storage\AppSettingsManager.cs(234,77): warning CS8604: 'string AppSettingsManager.DecryptApiKey(string encryptedText)'의 매개 변수 'encryptedText'에 대한 가능한 null 참조 인수입니다. [C:\DATA\Project\mAIx\mAIx\mAIx_xnegi4zx_wpftmp.csproj]
C:\DATA\Project\mAIx\mAIx\Services\Storage\AppSettingsManager.cs(235,81): warning CS8604: 'string AppSettingsManager.DecryptApiKey(string encryptedText)'의 매개 변수 'encryptedText'에 대한 가능한 null 참조 인수입니다. [C:\DATA\Project\mAIx\mAIx\mAIx_xnegi4zx_wpftmp.csproj]
C:\DATA\Project\mAIx\mAIx\Services\Storage\AppSettingsManager.cs(236,79): warning CS8604: 'string AppSettingsManager.DecryptApiKey(string encryptedText)'의 매개 변수 'encryptedText'에 대한 가능한 null 참조 인수입니다. [C:\DATA\Project\mAIx\mAIx\mAIx_xnegi4zx_wpftmp.csproj]
C:\DATA\Project\mAIx\mAIx\Services\Storage\AppSettingsManager.cs(258,36): warning CS8603: 가능한 null 참조 반환입니다. [C:\DATA\Project\mAIx\mAIx\mAIx_xnegi4zx_wpftmp.csproj]
C:\DATA\Project\mAIx\mAIx\Services\Storage\AppSettingsManager.cs(261,36): warning CS8604: 'string AppSettingsManager.EncryptApiKey(string plainText)'의 매개 변수 'plainText'에 대한 가능한 null 참조 인수입니다. [C:\DATA\Project\mAIx\mAIx\mAIx_xnegi4zx_wpftmp.csproj]
C:\DATA\Project\mAIx\mAIx\Services\Storage\AppSettingsManager.cs(269,36): warning CS8603: 가능한 null 참조 반환입니다. [C:\DATA\Project\mAIx\mAIx\mAIx_xnegi4zx_wpftmp.csproj]
C:\DATA\Project\mAIx\mAIx\Services\Storage\AppSettingsManager.cs(272,36): warning CS8604: 'string AppSettingsManager.EncryptApiKey(string plainText)'의 매개 변수 'plainText'에 대한 가능한 null 참조 인수입니다. [C:\DATA\Project\mAIx\mAIx\mAIx_xnegi4zx_wpftmp.csproj]
C:\DATA\Project\mAIx\mAIx\Services\AI\AIService.cs(22,16): warning CS8618: null을 허용하지 않는 필드 '_currentProvider'은(는) 생성자를 종료할 때 null이 아닌 값을 포함해야 합니다. 'required' 한정자를 추가하거나 필드을(를) nullable로 선언하는 것이 좋습니다. [C:\DATA\Project\mAIx\mAIx\mAIx_xnegi4zx_wpftmp.csproj]
C:\DATA\Project\mAIx\mAIx\Services\Graph\GraphActivityService.cs(123,34): warning CS0618: 'RecentRequestBuilder.GetAsync(Action<RequestConfiguration<RecentRequestBuilder.RecentRequestBuilderGetQueryParameters>>?, CancellationToken)'은(는) 사용되지 않습니다. 'This method is obsolete. Use GetAsRecentGetResponseAsync instead.' [C:\DATA\Project\mAIx\mAIx\mAIx_xnegi4zx_wpftmp.csproj]
C:\DATA\Project\mAIx\mAIx\Services\AI\AIService.cs(139,20): warning CS8603: 가능한 null 참조 반환입니다. [C:\DATA\Project\mAIx\mAIx\mAIx_xnegi4zx_wpftmp.csproj]
C:\DATA\Project\mAIx\mAIx\Services\Graph\GraphOneDriveService.cs(454,34): warning CS0618: 'SearchWithQRequestBuilder.GetAsync(Action<RequestConfiguration<SearchWithQRequestBuilder.SearchWithQRequestBuilderGetQueryParameters>>?, CancellationToken)'은(는) 사용되지 않습니다. 'This method is obsolete. Use GetAsSearchWithQGetResponseAsync instead.' [C:\DATA\Project\mAIx\mAIx\mAIx_xnegi4zx_wpftmp.csproj]
C:\DATA\Project\mAIx\mAIx\ViewModels\OneDriveViewModel.cs(660,29): warning CS8604: 'IEnumerable<DriveItem> Enumerable.Where<DriveItem>(IEnumerable<DriveItem> source, Func<DriveItem, bool> predicate)'의 매개 변수 'source'에 대한 가능한 null 참조 인수입니다. [C:\DATA\Project\mAIx\mAIx\mAIx_xnegi4zx_wpftmp.csproj]
C:\DATA\Project\mAIx\mAIx\Services\Graph\GraphOneDriveService.cs(505,34): warning CS0618: 'RecentRequestBuilder.GetAsRecentGetResponseAsync(Action<RequestConfiguration<RecentRequestBuilder.RecentRequestBuilderGetQueryParameters>>?, CancellationToken)'은(는) 사용되지 않습니다. 'This API is deprecated and will stop returning data after November, 2027. as of 2025-11/Removal on 2025-11-13 and will be removed 2027-11-01' [C:\DATA\Project\mAIx\mAIx\mAIx_xnegi4zx_wpftmp.csproj]
C:\DATA\Project\mAIx\mAIx\Services\Graph\GraphOneDriveService.cs(539,34): warning CS0618: 'SharedWithMeRequestBuilder.GetAsSharedWithMeGetResponseAsync(Action<RequestConfiguration<SharedWithMeRequestBuilder.SharedWithMeRequestBuilderGetQueryParameters>>?, CancellationToken)'은(는) 사용되지 않습니다. 'This API is deprecated and will stop returning data after November, 2027. as of 2025-11/Removal on 2025-11-13 and will be removed 2027-11-01' [C:\DATA\Project\mAIx\mAIx\mAIx_xnegi4zx_wpftmp.csproj]
C:\DATA\Project\mAIx\mAIx\Services\Graph\GraphMailService.cs(539,20): warning CS8603: 가능한 null 참조 반환입니다. [C:\DATA\Project\mAIx\mAIx\mAIx_xnegi4zx_wpftmp.csproj]
C:\DATA\Project\mAIx\mAIx\Services\Graph\GraphMailService.cs(784,20): warning CS8603: 가능한 null 참조 반환입니다. [C:\DATA\Project\mAIx\mAIx\mAIx_xnegi4zx_wpftmp.csproj]
C:\DATA\Project\mAIx\mAIx\ViewModels\MainViewModel.cs(1636,66): warning CS8604: 'Task<Message> GraphMailService.MoveMessageAsync(string messageId, string destinationFolderId)'의 매개 변수 'messageId'에 대한 가능한 null 참조 인수입니다. [C:\DATA\Project\mAIx\mAIx\mAIx_xnegi4zx_wpftmp.csproj]
C:\DATA\Project\mAIx\mAIx\ViewModels\MainViewModel.cs(1638,68): warning CS8604: 'Task GraphMailService.DeleteMessageAsync(string messageId)'의 매개 변수 'messageId'에 대한 가능한 null 참조 인수입니다. [C:\DATA\Project\mAIx\mAIx\mAIx_xnegi4zx_wpftmp.csproj]
C:\DATA\Project\mAIx\mAIx\Views\MainWindow.xaml.cs(3745,47): warning CS8625: Null 리터럴을 null을 허용하지 않는 참조 형식으로 변환할 수 없습니다. [C:\DATA\Project\mAIx\mAIx\mAIx_xnegi4zx_wpftmp.csproj]
C:\DATA\Project\mAIx\mAIx\Views\MainWindow.xaml.cs(3754,49): warning CS8625: Null 리터럴을 null을 허용하지 않는 참조 형식으로 변환할 수 없습니다. [C:\DATA\Project\mAIx\mAIx\mAIx_xnegi4zx_wpftmp.csproj]
C:\DATA\Project\mAIx\mAIx\ViewModels\OneNoteViewModel.cs(1719,13): warning CS4014: 이 호출이 대기되지 않으므로 호출이 완료되기 전에 현재 메서드가 계속 실행됩니다. 호출 결과에 'await' 연산자를 적용해 보세요. [C:\DATA\Project\mAIx\mAIx\mAIx_xnegi4zx_wpftmp.csproj]
C:\DATA\Project\mAIx\mAIx\ViewModels\MainViewModel.cs(1802,68): warning CS8604: 'Task GraphMailService.UpdateMessageFlagAsync(string messageId, string flagStatus)'의 매개 변수 'messageId'에 대한 가능한 null 참조 인수입니다. [C:\DATA\Project\mAIx\mAIx\mAIx_xnegi4zx_wpftmp.csproj]
C:\DATA\Project\mAIx\mAIx\Services\Sync\BackgroundSyncService.cs(2958,56): warning CS8604: 'Task<List<Email>> BackgroundSyncService.SaveEmailsAsync(mAIxDbContext dbContext, List<Message> messages, string accountEmail, string folderId, CancellationToken ct)'의 매개 변수 'accountEmail'에 대한 가능한 null 참조 인수입니다. [C:\DATA\Project\mAIx\mAIx\mAIx_xnegi4zx_wpftmp.csproj]
C:\DATA\Project\mAIx\mAIx\ViewModels\OneNoteViewModel.cs(1947,31): warning CS8625: Null 리터럴을 null을 허용하지 않는 참조 형식으로 변환할 수 없습니다. [C:\DATA\Project\mAIx\mAIx\mAIx_xnegi4zx_wpftmp.csproj]
C:\DATA\Project\mAIx\mAIx\Services\Graph\GraphOneNoteService.cs(1563,41): warning CS8604: 'Match Regex.Match(string input, string pattern, RegexOptions options)'의 매개 변수 'input'에 대한 가능한 null 참조 인수입니다. [C:\DATA\Project\mAIx\mAIx\mAIx_xnegi4zx_wpftmp.csproj]
C:\DATA\Project\mAIx\mAIx\Services\Graph\GraphOneNoteService.cs(1571,56): warning CS8604: 'string GraphOneNoteService.ExtractEditorContentForPatch(string html)'의 매개 변수 'html'에 대한 가능한 null 참조 인수입니다. [C:\DATA\Project\mAIx\mAIx\mAIx_xnegi4zx_wpftmp.csproj]
C:\DATA\Project\mAIx\mAIx\Services\Graph\GraphOneNoteService.cs(1678,32): warning CS8600: null 리터럴 또는 가능한 null 값을 null을 허용하지 않는 형식으로 변환하는 중입니다. [C:\DATA\Project\mAIx\mAIx\mAIx_xnegi4zx_wpftmp.csproj]
C:\DATA\Project\mAIx\mAIx\Views\MainWindow.xaml.cs(4586,17): warning CS8602: null 가능 참조에 대한 역참조입니다. [C:\DATA\Project\mAIx\mAIx\mAIx_xnegi4zx_wpftmp.csproj]
C:\DATA\Project\mAIx\mAIx\ViewModels\MainViewModel.cs(1865,74): warning CS8604: 'Task GraphMailService.UpdateMessageReadStatusAsync(string messageId, bool isRead)'의 매개 변수 'messageId'에 대한 가능한 null 참조 인수입니다. [C:\DATA\Project\mAIx\mAIx\mAIx_xnegi4zx_wpftmp.csproj]
C:\DATA\Project\mAIx\mAIx\ViewModels\MainViewModel.cs(1939,89): warning CS8604: 'Task GraphMailService.UpdateMessageCategoriesAsync(string messageId, List<string> categories)'의 매개 변수 'categories'에 대한 가능한 null 참조 인수입니다. [C:\DATA\Project\mAIx\mAIx\mAIx_xnegi4zx_wpftmp.csproj]
C:\DATA\Project\mAIx\mAIx\Services\Graph\GraphOneNoteService.cs(2448,58): warning CS8604: 'MatchCollection Regex.Matches(string input)'의 매개 변수 'input'에 대한 가능한 null 참조 인수입니다. [C:\DATA\Project\mAIx\mAIx\mAIx_xnegi4zx_wpftmp.csproj]
C:\DATA\Project\mAIx\mAIx\ViewModels\OneNoteViewModel.cs(2659,51): warning CS8604: 'Task ServerWebSocketSpeechService.ConnectSttAsync(string serverBaseUrl, string model, string wsPath = "/ws/stt", CancellationToken ct = default(CancellationToken))'의 매개 변수 'serverBaseUrl'에 대한 가능한 null 참조 인수입니다. [C:\DATA\Project\mAIx\mAIx\mAIx_xnegi4zx_wpftmp.csproj]
C:\DATA\Project\mAIx\mAIx\ViewModels\OneNoteViewModel.cs(2796,27): warning CS8625: Null 리터럴을 null을 허용하지 않는 참조 형식으로 변환할 수 없습니다. [C:\DATA\Project\mAIx\mAIx\mAIx_xnegi4zx_wpftmp.csproj]
C:\DATA\Project\mAIx\mAIx\ViewModels\OneNoteViewModel.cs(2808,27): warning CS8625: Null 리터럴을 null을 허용하지 않는 참조 형식으로 변환할 수 없습니다. [C:\DATA\Project\mAIx\mAIx\mAIx_xnegi4zx_wpftmp.csproj]
C:\DATA\Project\mAIx\mAIx\ViewModels\OneNoteViewModel.cs(2887,20): warning CS0168: 'summaryText' 변수가 선언되었지만 사용되지 않았습니다. [C:\DATA\Project\mAIx\mAIx\mAIx_xnegi4zx_wpftmp.csproj]
C:\DATA\Project\mAIx\mAIx\ViewModels\MainViewModel.cs(2769,81): warning CS8604: 'Task<Message> GraphMailService.MoveMessageAsync(string messageId, string destinationFolderId)'의 매개 변수 'messageId'에 대한 가능한 null 참조 인수입니다. [C:\DATA\Project\mAIx\mAIx\mAIx_xnegi4zx_wpftmp.csproj]
C:\DATA\Project\mAIx\mAIx\ViewModels\MainViewModel.cs(2868,26): warning CS8601: 가능한 null 참조 할당입니다. [C:\DATA\Project\mAIx\mAIx\mAIx_xnegi4zx_wpftmp.csproj]
C:\DATA\Project\mAIx\mAIx\ViewModels\MainViewModel.cs(2869,35): warning CS8601: 가능한 null 참조 할당입니다. [C:\DATA\Project\mAIx\mAIx\mAIx_xnegi4zx_wpftmp.csproj]
C:\DATA\Project\mAIx\mAIx\ViewModels\OneNoteViewModel.cs(3778,23): warning CS8602: null 가능 참조에 대한 역참조입니다. [C:\DATA\Project\mAIx\mAIx\mAIx_xnegi4zx_wpftmp.csproj]
C:\DATA\Project\mAIx\mAIx\Views\MainWindow.xaml.cs(7630,13): warning CS8602: null 가능 참조에 대한 역참조입니다. [C:\DATA\Project\mAIx\mAIx\mAIx_xnegi4zx_wpftmp.csproj]
C:\DATA\Project\mAIx\mAIx\Views\MainWindow.xaml.cs(10522,60): warning CS8601: 가능한 null 참조 할당입니다. [C:\DATA\Project\mAIx\mAIx\mAIx_xnegi4zx_wpftmp.csproj]
C:\DATA\Project\mAIx\mAIx\Views\MainWindow.xaml.cs(10538,60): warning CS8601: 가능한 null 참조 할당입니다. [C:\DATA\Project\mAIx\mAIx\mAIx_xnegi4zx_wpftmp.csproj]
C:\DATA\Project\mAIx\mAIx\Views\MainWindow.xaml.cs(12238,54): warning CS8602: null 가능 참조에 대한 역참조입니다. [C:\DATA\Project\mAIx\mAIx\mAIx_xnegi4zx_wpftmp.csproj]
C:\DATA\Project\mAIx\mAIx\Views\MainWindow.xaml.cs(12460,54): warning CS8602: null 가능 참조에 대한 역참조입니다. [C:\DATA\Project\mAIx\mAIx\mAIx_xnegi4zx_wpftmp.csproj]
C:\DATA\Project\mAIx\mAIx\Views\MainWindow.xaml.cs(14570,23): warning CS8602: null 가능 참조에 대한 역참조입니다. [C:\DATA\Project\mAIx\mAIx\mAIx_xnegi4zx_wpftmp.csproj]
C:\DATA\Project\mAIx\mAIx\Views\MainWindow.xaml.cs(14598,27): warning CS8602: null 가능 참조에 대한 역참조입니다. [C:\DATA\Project\mAIx\mAIx\mAIx_xnegi4zx_wpftmp.csproj]
C:\DATA\Project\mAIx\mAIx\Views\MainWindow.xaml.cs(14615,17): warning CS8602: null 가능 참조에 대한 역참조입니다. [C:\DATA\Project\mAIx\mAIx\mAIx_xnegi4zx_wpftmp.csproj]
C:\DATA\Project\mAIx\mAIx\Views\MainWindow.xaml.cs(14653,17): warning CS8602: null 가능 참조에 대한 역참조입니다. [C:\DATA\Project\mAIx\mAIx\mAIx_xnegi4zx_wpftmp.csproj]
C:\DATA\Project\mAIx\mAIx\Views\MainWindow.xaml.cs(15879,19): warning CS8602: null 가능 참조에 대한 역참조입니다. [C:\DATA\Project\mAIx\mAIx\mAIx_xnegi4zx_wpftmp.csproj]
C:\DATA\Project\mAIx\mAIx\Views\MainWindow.xaml.cs(15921,23): warning CS8602: null 가능 참조에 대한 역참조입니다. [C:\DATA\Project\mAIx\mAIx\mAIx_xnegi4zx_wpftmp.csproj]
C:\DATA\Project\mAIx\mAIx\Services\Sync\BackgroundSyncService.cs(48,38): warning CS0649: 'BackgroundSyncService._intervalChangeCts' 필드에는 할당되지 않으므로 항상 null 기본값을 사용합니다. [C:\DATA\Project\mAIx\mAIx\mAIx_xnegi4zx_wpftmp.csproj]
C:\DATA\Project\mAIx\mAIx\ViewModels\OneNoteViewModel.cs(195,38): warning CS0649: 'OneNoteViewModel._manualSTTCts' 필드에는 할당되지 않으므로 항상 null 기본값을 사용합니다. [C:\DATA\Project\mAIx\mAIx\mAIx_xnegi4zx_wpftmp.csproj]
C:\DATA\Project\mAIx\mAIx\ViewModels\OneNoteViewModel.cs(362,23): warning CS0169: 'OneNoteViewModel._sttStartTime' 필드가 사용되지 않았습니다. [C:\DATA\Project\mAIx\mAIx\mAIx_xnegi4zx_wpftmp.csproj]
C:\DATA\Project\mAIx\mAIx\Services\Audio\AudioPlayerService.cs(18,28): warning CS0414: 'AudioPlayerService._waveProvider' 필드가 할당되었지만 사용되지 않았습니다. [C:\DATA\Project\mAIx\mAIx\mAIx_xnegi4zx_wpftmp.csproj]
C:\DATA\Project\mAIx\mAIx\Views\MainWindow.xaml.cs(10168,21): warning CS0414: 'MainWindow._deletedPageId' 필드가 할당되었지만 사용되지 않았습니다. [C:\DATA\Project\mAIx\mAIx\mAIx_xnegi4zx_wpftmp.csproj]
C:\DATA\Project\mAIx\mAIx\Views\MainWindow.xaml.cs(9836,18): warning CS0414: 'MainWindow._isChatDragging' 필드가 할당되었지만 사용되지 않았습니다. [C:\DATA\Project\mAIx\mAIx\mAIx_xnegi4zx_wpftmp.csproj]
C:\DATA\Project\mAIx\mAIx\Views\MainWindow.xaml.cs(3504,18): warning CS0414: 'MainWindow._isDraggingEmail' 필드가 할당되었지만 사용되지 않았습니다. [C:\DATA\Project\mAIx\mAIx\mAIx_xnegi4zx_wpftmp.csproj]
C:\DATA\Project\mAIx\mAIx\Services\AI\OpenAIProvider.cs(121,21): warning CA2024: 비동기 메서드에서 'reader.EndOfStream'을(를) 사용하지 마세요 (https://learn.microsoft.com/dotnet/fundamentals/code-analysis/quality-rules/ca2024) [C:\DATA\Project\mAIx\mAIx\mAIx_xnegi4zx_wpftmp.csproj]
C:\DATA\Project\mAIx\mAIx\Services\AI\OllamaProvider.cs(125,21): warning CA2024: 비동기 메서드에서 'reader.EndOfStream'을(를) 사용하지 마세요 (https://learn.microsoft.com/dotnet/fundamentals/code-analysis/quality-rules/ca2024) [C:\DATA\Project\mAIx\mAIx\mAIx_xnegi4zx_wpftmp.csproj]
C:\DATA\Project\mAIx\mAIx\Services\AI\LMStudioProvider.cs(140,21): warning CA2024: 비동기 메서드에서 'reader.EndOfStream'을(를) 사용하지 마세요 (https://learn.microsoft.com/dotnet/fundamentals/code-analysis/quality-rules/ca2024) [C:\DATA\Project\mAIx\mAIx\mAIx_xnegi4zx_wpftmp.csproj]
C:\DATA\Project\mAIx\mAIx\Services\AI\GeminiProvider.cs(143,21): warning CA2024: 비동기 메서드에서 'reader.EndOfStream'을(를) 사용하지 마세요 (https://learn.microsoft.com/dotnet/fundamentals/code-analysis/quality-rules/ca2024) [C:\DATA\Project\mAIx\mAIx\mAIx_xnegi4zx_wpftmp.csproj]
C:\DATA\Project\mAIx\mAIx\Services\AI\ClaudeProvider.cs(116,21): warning CA2024: 비동기 메서드에서 'reader.EndOfStream'을(를) 사용하지 마세요 (https://learn.microsoft.com/dotnet/fundamentals/code-analysis/quality-rules/ca2024) [C:\DATA\Project\mAIx\mAIx\mAIx_xnegi4zx_wpftmp.csproj]
C:\DATA\Project\mAIx\mAIx\ViewModels\MainViewModel.cs(434,45): warning MVVMTK0034: The field mAIx.ViewModels.MainViewModel._selectedEmailCount is annotated with [ObservableProperty] and should not be directly referenced (use the generated property instead) (https://aka.ms/mvvmtoolkit/errors/mvvmtk0034) [C:\DATA\Project\mAIx\mAIx\mAIx_xnegi4zx_wpftmp.csproj]
C:\DATA\Project\mAIx\mAIx\Services\AI\AIProviderBase.cs(53,71): warning CS8625: Null 리터럴을 null을 허용하지 않는 참조 형식으로 변환할 수 없습니다. [C:\DATA\Project\mAIx\mAIx\mAIx.csproj]
C:\DATA\Project\mAIx\mAIx\Services\AI\AIProviderBase.cs(53,92): warning CS8625: Null 리터럴을 null을 허용하지 않는 참조 형식으로 변환할 수 없습니다. [C:\DATA\Project\mAIx\mAIx\mAIx.csproj]
C:\DATA\Project\mAIx\mAIx\Services\AI\AIService.cs(103,84): warning CS8625: Null 리터럴을 null을 허용하지 않는 참조 형식으로 변환할 수 없습니다. [C:\DATA\Project\mAIx\mAIx\mAIx.csproj]
C:\DATA\Project\mAIx\mAIx\Services\AI\AIService.cs(103,105): warning CS8625: Null 리터럴을 null을 허용하지 않는 참조 형식으로 변환할 수 없습니다. [C:\DATA\Project\mAIx\mAIx\mAIx.csproj]
C:\DATA\Project\mAIx\mAIx\Services\AI\IAIProvider.cs(51,56): warning CS8625: Null 리터럴을 null을 허용하지 않는 참조 형식으로 변환할 수 없습니다. [C:\DATA\Project\mAIx\mAIx\mAIx.csproj]
C:\DATA\Project\mAIx\mAIx\Services\AI\IAIProvider.cs(51,77): warning CS8625: Null 리터럴을 null을 허용하지 않는 참조 형식으로 변환할 수 없습니다. [C:\DATA\Project\mAIx\mAIx\mAIx.csproj]
C:\DATA\Project\mAIx\mAIx\Services\Graph\GraphMailService.cs(182,84): warning CS8625: Null 리터럴을 null을 허용하지 않는 참조 형식으로 변환할 수 없습니다. [C:\DATA\Project\mAIx\mAIx\mAIx.csproj]
C:\DATA\Project\mAIx\mAIx\App.xaml.cs(250,79): warning CS8625: Null 리터럴을 null을 허용하지 않는 참조 형식으로 변환할 수 없습니다. [C:\DATA\Project\mAIx\mAIx\mAIx.csproj]
C:\DATA\Project\mAIx\mAIx\App.xaml.cs(250,85): warning CS8604: 'bool AIService.ConfigureProvider(string name, string apiKey, string baseUrl = null, string model = null)'의 매개 변수 'model'에 대한 가능한 null 참조 인수입니다. [C:\DATA\Project\mAIx\mAIx\mAIx.csproj]
C:\DATA\Project\mAIx\mAIx\App.xaml.cs(256,79): warning CS8625: Null 리터럴을 null을 허용하지 않는 참조 형식으로 변환할 수 없습니다. [C:\DATA\Project\mAIx\mAIx\mAIx.csproj]
C:\DATA\Project\mAIx\mAIx\App.xaml.cs(256,85): warning CS8604: 'bool AIService.ConfigureProvider(string name, string apiKey, string baseUrl = null, string model = null)'의 매개 변수 'model'에 대한 가능한 null 참조 인수입니다. [C:\DATA\Project\mAIx\mAIx\mAIx.csproj]
C:\DATA\Project\mAIx\mAIx\App.xaml.cs(262,79): warning CS8625: Null 리터럴을 null을 허용하지 않는 참조 형식으로 변환할 수 없습니다. [C:\DATA\Project\mAIx\mAIx\mAIx.csproj]
C:\DATA\Project\mAIx\mAIx\App.xaml.cs(262,85): warning CS8604: 'bool AIService.ConfigureProvider(string name, string apiKey, string baseUrl = null, string model = null)'의 매개 변수 'model'에 대한 가능한 null 참조 인수입니다. [C:\DATA\Project\mAIx\mAIx\mAIx.csproj]
C:\DATA\Project\mAIx\mAIx\App.xaml.cs(268,84): warning CS8604: 'bool AIService.ConfigureProvider(string name, string apiKey, string baseUrl = null, string model = null)'의 매개 변수 'model'에 대한 가능한 null 참조 인수입니다. [C:\DATA\Project\mAIx\mAIx\mAIx.csproj]
C:\DATA\Project\mAIx\mAIx\App.xaml.cs(274,88): warning CS8604: 'bool AIService.ConfigureProvider(string name, string apiKey, string baseUrl = null, string model = null)'의 매개 변수 'model'에 대한 가능한 null 참조 인수입니다. [C:\DATA\Project\mAIx\mAIx\mAIx.csproj]
C:\DATA\Project\mAIx\mAIx\Services\AI\AIProviderBase.cs(43,19): warning CS8618: null을 허용하지 않는 필드 '_apiKey'은(는) 생성자를 종료할 때 null이 아닌 값을 포함해야 합니다. 'required' 한정자를 추가하거나 필드을(를) nullable로 선언하는 것이 좋습니다. [C:\DATA\Project\mAIx\mAIx\mAIx.csproj]
C:\DATA\Project\mAIx\mAIx\Services\AI\AIProviderBase.cs(43,19): warning CS8618: null을 허용하지 않는 필드 '_baseUrl'은(는) 생성자를 종료할 때 null이 아닌 값을 포함해야 합니다. 'required' 한정자를 추가하거나 필드을(를) nullable로 선언하는 것이 좋습니다. [C:\DATA\Project\mAIx\mAIx\mAIx.csproj]
C:\DATA\Project\mAIx\mAIx\Services\AI\AIProviderBase.cs(43,19): warning CS8618: null을 허용하지 않는 필드 '_model'은(는) 생성자를 종료할 때 null이 아닌 값을 포함해야 합니다. 'required' 한정자를 추가하거나 필드을(를) nullable로 선언하는 것이 좋습니다. [C:\DATA\Project\mAIx\mAIx\mAIx.csproj]
C:\DATA\Project\mAIx\mAIx\Services\AI\AIService.cs(22,16): warning CS8618: null을 허용하지 않는 필드 '_currentProvider'은(는) 생성자를 종료할 때 null이 아닌 값을 포함해야 합니다. 'required' 한정자를 추가하거나 필드을(를) nullable로 선언하는 것이 좋습니다. [C:\DATA\Project\mAIx\mAIx\mAIx.csproj]
C:\DATA\Project\mAIx\mAIx\Services\Graph\TokenCacheHelper.cs(77,44): warning CS8600: null 리터럴 또는 가능한 null 값을 null을 허용하지 않는 형식으로 변환하는 중입니다. [C:\DATA\Project\mAIx\mAIx\mAIx.csproj]
C:\DATA\Project\mAIx\mAIx\Services\Graph\TokenCacheHelper.cs(80,55): warning CS8604: 'DirectoryInfo Directory.CreateDirectory(string path)'의 매개 변수 'path'에 대한 가능한 null 참조 인수입니다. [C:\DATA\Project\mAIx\mAIx\mAIx.csproj]
C:\DATA\Project\mAIx\mAIx\Services\AI\AIService.cs(139,20): warning CS8603: 가능한 null 참조 반환입니다. [C:\DATA\Project\mAIx\mAIx\mAIx.csproj]
C:\DATA\Project\mAIx\mAIx\Services\Converter\OpenXmlPptConverter.cs(172,30): warning CS8602: null 가능 참조에 대한 역참조입니다. [C:\DATA\Project\mAIx\mAIx\mAIx.csproj]
C:\DATA\Project\mAIx\mAIx\Services\Converter\OpenXmlPptConverter.cs(253,29): warning CS8602: null 가능 참조에 대한 역참조입니다. [C:\DATA\Project\mAIx\mAIx\mAIx.csproj]
C:\DATA\Project\mAIx\mAIx\Services\Graph\GraphActivityService.cs(123,34): warning CS0618: 'RecentRequestBuilder.GetAsync(Action<RequestConfiguration<RecentRequestBuilder.RecentRequestBuilderGetQueryParameters>>?, CancellationToken)'은(는) 사용되지 않습니다. 'This method is obsolete. Use GetAsRecentGetResponseAsync instead.' [C:\DATA\Project\mAIx\mAIx\mAIx.csproj]
C:\DATA\Project\mAIx\mAIx\Services\Storage\AppSettingsManager.cs(231,77): warning CS8604: 'string AppSettingsManager.DecryptApiKey(string encryptedText)'의 매개 변수 'encryptedText'에 대한 가능한 null 참조 인수입니다. [C:\DATA\Project\mAIx\mAIx\mAIx.csproj]
C:\DATA\Project\mAIx\mAIx\Services\Storage\AppSettingsManager.cs(232,77): warning CS8604: 'string AppSettingsManager.DecryptApiKey(string encryptedText)'의 매개 변수 'encryptedText'에 대한 가능한 null 참조 인수입니다. [C:\DATA\Project\mAIx\mAIx\mAIx.csproj]
C:\DATA\Project\mAIx\mAIx\Services\Storage\AppSettingsManager.cs(233,77): warning CS8604: 'string AppSettingsManager.DecryptApiKey(string encryptedText)'의 매개 변수 'encryptedText'에 대한 가능한 null 참조 인수입니다. [C:\DATA\Project\mAIx\mAIx\mAIx.csproj]
C:\DATA\Project\mAIx\mAIx\Services\Storage\AppSettingsManager.cs(234,77): warning CS8604: 'string AppSettingsManager.DecryptApiKey(string encryptedText)'의 매개 변수 'encryptedText'에 대한 가능한 null 참조 인수입니다. [C:\DATA\Project\mAIx\mAIx\mAIx.csproj]
C:\DATA\Project\mAIx\mAIx\Services\Storage\AppSettingsManager.cs(235,81): warning CS8604: 'string AppSettingsManager.DecryptApiKey(string encryptedText)'의 매개 변수 'encryptedText'에 대한 가능한 null 참조 인수입니다. [C:\DATA\Project\mAIx\mAIx\mAIx.csproj]
C:\DATA\Project\mAIx\mAIx\Services\Storage\AppSettingsManager.cs(236,79): warning CS8604: 'string AppSettingsManager.DecryptApiKey(string encryptedText)'의 매개 변수 'encryptedText'에 대한 가능한 null 참조 인수입니다. [C:\DATA\Project\mAIx\mAIx\mAIx.csproj]
C:\DATA\Project\mAIx\mAIx\Services\Storage\AppSettingsManager.cs(258,36): warning CS8603: 가능한 null 참조 반환입니다. [C:\DATA\Project\mAIx\mAIx\mAIx.csproj]
C:\DATA\Project\mAIx\mAIx\Services\Storage\AppSettingsManager.cs(261,36): warning CS8604: 'string AppSettingsManager.EncryptApiKey(string plainText)'의 매개 변수 'plainText'에 대한 가능한 null 참조 인수입니다. [C:\DATA\Project\mAIx\mAIx\mAIx.csproj]
C:\DATA\Project\mAIx\mAIx\Services\Storage\AppSettingsManager.cs(269,36): warning CS8603: 가능한 null 참조 반환입니다. [C:\DATA\Project\mAIx\mAIx\mAIx.csproj]
C:\DATA\Project\mAIx\mAIx\Services\Storage\AppSettingsManager.cs(272,36): warning CS8604: 'string AppSettingsManager.EncryptApiKey(string plainText)'의 매개 변수 'plainText'에 대한 가능한 null 참조 인수입니다. [C:\DATA\Project\mAIx\mAIx\mAIx.csproj]
C:\DATA\Project\mAIx\mAIx\ViewModels\OneDriveViewModel.cs(660,29): warning CS8604: 'IEnumerable<DriveItem> Enumerable.Where<DriveItem>(IEnumerable<DriveItem> source, Func<DriveItem, bool> predicate)'의 매개 변수 'source'에 대한 가능한 null 참조 인수입니다. [C:\DATA\Project\mAIx\mAIx\mAIx.csproj]
C:\DATA\Project\mAIx\mAIx\ViewModels\MainViewModel.cs(1636,66): warning CS8604: 'Task<Message> GraphMailService.MoveMessageAsync(string messageId, string destinationFolderId)'의 매개 변수 'messageId'에 대한 가능한 null 참조 인수입니다. [C:\DATA\Project\mAIx\mAIx\mAIx.csproj]
C:\DATA\Project\mAIx\mAIx\ViewModels\MainViewModel.cs(1638,68): warning CS8604: 'Task GraphMailService.DeleteMessageAsync(string messageId)'의 매개 변수 'messageId'에 대한 가능한 null 참조 인수입니다. [C:\DATA\Project\mAIx\mAIx\mAIx.csproj]
C:\DATA\Project\mAIx\mAIx\Views\MainWindow.xaml.cs(3745,47): warning CS8625: Null 리터럴을 null을 허용하지 않는 참조 형식으로 변환할 수 없습니다. [C:\DATA\Project\mAIx\mAIx\mAIx.csproj]
C:\DATA\Project\mAIx\mAIx\Views\MainWindow.xaml.cs(3754,49): warning CS8625: Null 리터럴을 null을 허용하지 않는 참조 형식으로 변환할 수 없습니다. [C:\DATA\Project\mAIx\mAIx\mAIx.csproj]
C:\DATA\Project\mAIx\mAIx\Services\Graph\GraphOneDriveService.cs(454,34): warning CS0618: 'SearchWithQRequestBuilder.GetAsync(Action<RequestConfiguration<SearchWithQRequestBuilder.SearchWithQRequestBuilderGetQueryParameters>>?, CancellationToken)'은(는) 사용되지 않습니다. 'This method is obsolete. Use GetAsSearchWithQGetResponseAsync instead.' [C:\DATA\Project\mAIx\mAIx\mAIx.csproj]
C:\DATA\Project\mAIx\mAIx\Services\Graph\GraphOneDriveService.cs(505,34): warning CS0618: 'RecentRequestBuilder.GetAsRecentGetResponseAsync(Action<RequestConfiguration<RecentRequestBuilder.RecentRequestBuilderGetQueryParameters>>?, CancellationToken)'은(는) 사용되지 않습니다. 'This API is deprecated and will stop returning data after November, 2027. as of 2025-11/Removal on 2025-11-13 and will be removed 2027-11-01' [C:\DATA\Project\mAIx\mAIx\mAIx.csproj]
C:\DATA\Project\mAIx\mAIx\Services\Graph\GraphMailService.cs(539,20): warning CS8603: 가능한 null 참조 반환입니다. [C:\DATA\Project\mAIx\mAIx\mAIx.csproj]
C:\DATA\Project\mAIx\mAIx\Services\Graph\GraphOneDriveService.cs(539,34): warning CS0618: 'SharedWithMeRequestBuilder.GetAsSharedWithMeGetResponseAsync(Action<RequestConfiguration<SharedWithMeRequestBuilder.SharedWithMeRequestBuilderGetQueryParameters>>?, CancellationToken)'은(는) 사용되지 않습니다. 'This API is deprecated and will stop returning data after November, 2027. as of 2025-11/Removal on 2025-11-13 and will be removed 2027-11-01' [C:\DATA\Project\mAIx\mAIx\mAIx.csproj]
C:\DATA\Project\mAIx\mAIx\ViewModels\MainViewModel.cs(1802,68): warning CS8604: 'Task GraphMailService.UpdateMessageFlagAsync(string messageId, string flagStatus)'의 매개 변수 'messageId'에 대한 가능한 null 참조 인수입니다. [C:\DATA\Project\mAIx\mAIx\mAIx.csproj]
C:\DATA\Project\mAIx\mAIx\Services\Graph\GraphMailService.cs(784,20): warning CS8603: 가능한 null 참조 반환입니다. [C:\DATA\Project\mAIx\mAIx\mAIx.csproj]
C:\DATA\Project\mAIx\mAIx\Views\MainWindow.xaml.cs(4586,17): warning CS8602: null 가능 참조에 대한 역참조입니다. [C:\DATA\Project\mAIx\mAIx\mAIx.csproj]
C:\DATA\Project\mAIx\mAIx\ViewModels\OneNoteViewModel.cs(1719,13): warning CS4014: 이 호출이 대기되지 않으므로 호출이 완료되기 전에 현재 메서드가 계속 실행됩니다. 호출 결과에 'await' 연산자를 적용해 보세요. [C:\DATA\Project\mAIx\mAIx\mAIx.csproj]
C:\DATA\Project\mAIx\mAIx\ViewModels\MainViewModel.cs(1865,74): warning CS8604: 'Task GraphMailService.UpdateMessageReadStatusAsync(string messageId, bool isRead)'의 매개 변수 'messageId'에 대한 가능한 null 참조 인수입니다. [C:\DATA\Project\mAIx\mAIx\mAIx.csproj]
C:\DATA\Project\mAIx\mAIx\ViewModels\MainViewModel.cs(1939,89): warning CS8604: 'Task GraphMailService.UpdateMessageCategoriesAsync(string messageId, List<string> categories)'의 매개 변수 'categories'에 대한 가능한 null 참조 인수입니다. [C:\DATA\Project\mAIx\mAIx\mAIx.csproj]
C:\DATA\Project\mAIx\mAIx\ViewModels\OneNoteViewModel.cs(1947,31): warning CS8625: Null 리터럴을 null을 허용하지 않는 참조 형식으로 변환할 수 없습니다. [C:\DATA\Project\mAIx\mAIx\mAIx.csproj]
C:\DATA\Project\mAIx\mAIx\Services\Graph\GraphOneNoteService.cs(1563,41): warning CS8604: 'Match Regex.Match(string input, string pattern, RegexOptions options)'의 매개 변수 'input'에 대한 가능한 null 참조 인수입니다. [C:\DATA\Project\mAIx\mAIx\mAIx.csproj]
C:\DATA\Project\mAIx\mAIx\Services\Graph\GraphOneNoteService.cs(1571,56): warning CS8604: 'string GraphOneNoteService.ExtractEditorContentForPatch(string html)'의 매개 변수 'html'에 대한 가능한 null 참조 인수입니다. [C:\DATA\Project\mAIx\mAIx\mAIx.csproj]
C:\DATA\Project\mAIx\mAIx\Services\Graph\GraphOneNoteService.cs(1678,32): warning CS8600: null 리터럴 또는 가능한 null 값을 null을 허용하지 않는 형식으로 변환하는 중입니다. [C:\DATA\Project\mAIx\mAIx\mAIx.csproj]
C:\DATA\Project\mAIx\mAIx\ViewModels\OneNoteViewModel.cs(2659,51): warning CS8604: 'Task ServerWebSocketSpeechService.ConnectSttAsync(string serverBaseUrl, string model, string wsPath = "/ws/stt", CancellationToken ct = default(CancellationToken))'의 매개 변수 'serverBaseUrl'에 대한 가능한 null 참조 인수입니다. [C:\DATA\Project\mAIx\mAIx\mAIx.csproj]
C:\DATA\Project\mAIx\mAIx\ViewModels\OneNoteViewModel.cs(2796,27): warning CS8625: Null 리터럴을 null을 허용하지 않는 참조 형식으로 변환할 수 없습니다. [C:\DATA\Project\mAIx\mAIx\mAIx.csproj]
C:\DATA\Project\mAIx\mAIx\ViewModels\OneNoteViewModel.cs(2808,27): warning CS8625: Null 리터럴을 null을 허용하지 않는 참조 형식으로 변환할 수 없습니다. [C:\DATA\Project\mAIx\mAIx\mAIx.csproj]
C:\DATA\Project\mAIx\mAIx\ViewModels\OneNoteViewModel.cs(2887,20): warning CS0168: 'summaryText' 변수가 선언되었지만 사용되지 않았습니다. [C:\DATA\Project\mAIx\mAIx\mAIx.csproj]
C:\DATA\Project\mAIx\mAIx\Services\Sync\BackgroundSyncService.cs(2958,56): warning CS8604: 'Task<List<Email>> BackgroundSyncService.SaveEmailsAsync(mAIxDbContext dbContext, List<Message> messages, string accountEmail, string folderId, CancellationToken ct)'의 매개 변수 'accountEmail'에 대한 가능한 null 참조 인수입니다. [C:\DATA\Project\mAIx\mAIx\mAIx.csproj]
C:\DATA\Project\mAIx\mAIx\Services\Graph\GraphOneNoteService.cs(2448,58): warning CS8604: 'MatchCollection Regex.Matches(string input)'의 매개 변수 'input'에 대한 가능한 null 참조 인수입니다. [C:\DATA\Project\mAIx\mAIx\mAIx.csproj]
C:\DATA\Project\mAIx\mAIx\ViewModels\MainViewModel.cs(2769,81): warning CS8604: 'Task<Message> GraphMailService.MoveMessageAsync(string messageId, string destinationFolderId)'의 매개 변수 'messageId'에 대한 가능한 null 참조 인수입니다. [C:\DATA\Project\mAIx\mAIx\mAIx.csproj]
C:\DATA\Project\mAIx\mAIx\ViewModels\MainViewModel.cs(2868,26): warning CS8601: 가능한 null 참조 할당입니다. [C:\DATA\Project\mAIx\mAIx\mAIx.csproj]
C:\DATA\Project\mAIx\mAIx\ViewModels\MainViewModel.cs(2869,35): warning CS8601: 가능한 null 참조 할당입니다. [C:\DATA\Project\mAIx\mAIx\mAIx.csproj]
C:\DATA\Project\mAIx\mAIx\Views\MainWindow.xaml.cs(7630,13): warning CS8602: null 가능 참조에 대한 역참조입니다. [C:\DATA\Project\mAIx\mAIx\mAIx.csproj]
C:\DATA\Project\mAIx\mAIx\ViewModels\OneNoteViewModel.cs(3778,23): warning CS8602: null 가능 참조에 대한 역참조입니다. [C:\DATA\Project\mAIx\mAIx\mAIx.csproj]
C:\DATA\Project\mAIx\mAIx\Views\MainWindow.xaml.cs(10522,60): warning CS8601: 가능한 null 참조 할당입니다. [C:\DATA\Project\mAIx\mAIx\mAIx.csproj]
C:\DATA\Project\mAIx\mAIx\Views\MainWindow.xaml.cs(10538,60): warning CS8601: 가능한 null 참조 할당입니다. [C:\DATA\Project\mAIx\mAIx\mAIx.csproj]
C:\DATA\Project\mAIx\mAIx\Views\MainWindow.xaml.cs(12238,54): warning CS8602: null 가능 참조에 대한 역참조입니다. [C:\DATA\Project\mAIx\mAIx\mAIx.csproj]
C:\DATA\Project\mAIx\mAIx\Views\MainWindow.xaml.cs(12460,54): warning CS8602: null 가능 참조에 대한 역참조입니다. [C:\DATA\Project\mAIx\mAIx\mAIx.csproj]
C:\DATA\Project\mAIx\mAIx\Views\MainWindow.xaml.cs(14570,23): warning CS8602: null 가능 참조에 대한 역참조입니다. [C:\DATA\Project\mAIx\mAIx\mAIx.csproj]
C:\DATA\Project\mAIx\mAIx\Views\MainWindow.xaml.cs(14598,27): warning CS8602: null 가능 참조에 대한 역참조입니다. [C:\DATA\Project\mAIx\mAIx\mAIx.csproj]
C:\DATA\Project\mAIx\mAIx\Views\MainWindow.xaml.cs(14615,17): warning CS8602: null 가능 참조에 대한 역참조입니다. [C:\DATA\Project\mAIx\mAIx\mAIx.csproj]
C:\DATA\Project\mAIx\mAIx\Views\MainWindow.xaml.cs(14653,17): warning CS8602: null 가능 참조에 대한 역참조입니다. [C:\DATA\Project\mAIx\mAIx\mAIx.csproj]
C:\DATA\Project\mAIx\mAIx\Views\MainWindow.xaml.cs(15879,19): warning CS8602: null 가능 참조에 대한 역참조입니다. [C:\DATA\Project\mAIx\mAIx\mAIx.csproj]
C:\DATA\Project\mAIx\mAIx\Views\MainWindow.xaml.cs(15921,23): warning CS8602: null 가능 참조에 대한 역참조입니다. [C:\DATA\Project\mAIx\mAIx\mAIx.csproj]
C:\DATA\Project\mAIx\mAIx\ViewModels\OneNoteViewModel.cs(362,23): warning CS0169: 'OneNoteViewModel._sttStartTime' 필드가 사용되지 않았습니다. [C:\DATA\Project\mAIx\mAIx\mAIx.csproj]
C:\DATA\Project\mAIx\mAIx\ViewModels\OneNoteViewModel.cs(195,38): warning CS0649: 'OneNoteViewModel._manualSTTCts' 필드에는 할당되지 않으므로 항상 null 기본값을 사용합니다. [C:\DATA\Project\mAIx\mAIx\mAIx.csproj]
C:\DATA\Project\mAIx\mAIx\Services\Sync\BackgroundSyncService.cs(48,38): warning CS0649: 'BackgroundSyncService._intervalChangeCts' 필드에는 할당되지 않으므로 항상 null 기본값을 사용합니다. [C:\DATA\Project\mAIx\mAIx\mAIx.csproj]
C:\DATA\Project\mAIx\mAIx\Services\Audio\AudioPlayerService.cs(18,28): warning CS0414: 'AudioPlayerService._waveProvider' 필드가 할당되었지만 사용되지 않았습니다. [C:\DATA\Project\mAIx\mAIx\mAIx.csproj]
C:\DATA\Project\mAIx\mAIx\Views\MainWindow.xaml.cs(10168,21): warning CS0414: 'MainWindow._deletedPageId' 필드가 할당되었지만 사용되지 않았습니다. [C:\DATA\Project\mAIx\mAIx\mAIx.csproj]
C:\DATA\Project\mAIx\mAIx\Views\MainWindow.xaml.cs(9836,18): warning CS0414: 'MainWindow._isChatDragging' 필드가 할당되었지만 사용되지 않았습니다. [C:\DATA\Project\mAIx\mAIx\mAIx.csproj]
C:\DATA\Project\mAIx\mAIx\Views\MainWindow.xaml.cs(3504,18): warning CS0414: 'MainWindow._isDraggingEmail' 필드가 할당되었지만 사용되지 않았습니다. [C:\DATA\Project\mAIx\mAIx\mAIx.csproj]
C:\DATA\Project\mAIx\mAIx\Services\AI\OpenAIProvider.cs(121,21): warning CA2024: 비동기 메서드에서 'reader.EndOfStream'을(를) 사용하지 마세요 (https://learn.microsoft.com/dotnet/fundamentals/code-analysis/quality-rules/ca2024) [C:\DATA\Project\mAIx\mAIx\mAIx.csproj]
C:\DATA\Project\mAIx\mAIx\Services\AI\OllamaProvider.cs(125,21): warning CA2024: 비동기 메서드에서 'reader.EndOfStream'을(를) 사용하지 마세요 (https://learn.microsoft.com/dotnet/fundamentals/code-analysis/quality-rules/ca2024) [C:\DATA\Project\mAIx\mAIx\mAIx.csproj]
C:\DATA\Project\mAIx\mAIx\Services\AI\LMStudioProvider.cs(140,21): warning CA2024: 비동기 메서드에서 'reader.EndOfStream'을(를) 사용하지 마세요 (https://learn.microsoft.com/dotnet/fundamentals/code-analysis/quality-rules/ca2024) [C:\DATA\Project\mAIx\mAIx\mAIx.csproj]
C:\DATA\Project\mAIx\mAIx\Services\AI\GeminiProvider.cs(143,21): warning CA2024: 비동기 메서드에서 'reader.EndOfStream'을(를) 사용하지 마세요 (https://learn.microsoft.com/dotnet/fundamentals/code-analysis/quality-rules/ca2024) [C:\DATA\Project\mAIx\mAIx\mAIx.csproj]
C:\DATA\Project\mAIx\mAIx\Services\AI\ClaudeProvider.cs(116,21): warning CA2024: 비동기 메서드에서 'reader.EndOfStream'을(를) 사용하지 마세요 (https://learn.microsoft.com/dotnet/fundamentals/code-analysis/quality-rules/ca2024) [C:\DATA\Project\mAIx\mAIx\mAIx.csproj]
C:\DATA\Project\mAIx\mAIx\ViewModels\MainViewModel.cs(434,45): warning MVVMTK0034: The field mAIx.ViewModels.MainViewModel._selectedEmailCount is annotated with [ObservableProperty] and should not be directly referenced (use the generated property instead) (https://aka.ms/mvvmtoolkit/errors/mvvmtk0034) [C:\DATA\Project\mAIx\mAIx\mAIx.csproj]
    경고 182개
    오류 0개

경과 시간: 00:01:17.90
EXIT_CODE=0 
